******************************************************************************
                  TI ARM Linker PC v16.9.6                     
******************************************************************************
>> Linked Wed Oct 15 01:16:38 2025

OUTPUT FILE NAME:   <mmwave_Studio_cli_xwr18xx_mss.xer4f>
ENTRY POINT SYMBOL: "_c_int00"  address: 00014a64


MEMORY CONFIGURATION

         name            origin    length      used     unused   attr    fill
----------------------  --------  ---------  --------  --------  ----  --------
PAGE 0:
  VECTORS               00000000   00000100  0000003c  000000c4     X
  PROG_RAM              00000100   0007ff00  0001bb26  000643da  R  X
  DATA_RAM              08000000   00030000  0002ee7d  00001183  RW  
  L3_RAM                51000000   00100000  00000000  00100000  RW  
  HWA_RAM               52030000   00010000  00000000  00010000  RW  
  HS_RAM                52080000   00008000  00000000  00008000  RW  

PAGE 1:
  L3_RAM                51000000   00100000  00000000  00100000  RW  


SEGMENT ALLOCATION MAP

run origin  load origin   length   init length attrs members
----------  ----------- ---------- ----------- ----- -------
00000000    00000000    0000003c   0000003c    r--
  00000000    00000000    0000003c   0000003c    r-- .vecs
00000100    00000100    0001bb30   0001bb30    r-x
  00000100    00000100    0001a252   0001a252    r-x .text
  0001a358    0001a358    000013ac   000013ac    r-- .const
  0001b708    0001b708    00000528   00000528    r-- .cinit
08000000    08000000    0002ee88   00000000    rw-
  08000000    08000000    00028000   00000000    rw- systemHeap
  08028000    08028000    000044e4   00000000    rw- .bss
  0802c4e8    0802c4e8    00001999   00000000    rw- .data
  0802de88    0802de88    00000800   00000000    rw- .myFiqStack
  0802e688    0802e688    00000800   00000000    rw- .stack


SECTION ALLOCATION MAP

 output                                  attributes/
section   page    origin      length       input sections
--------  ----  ----------  ----------   ----------------
.vecs      0    00000000    0000003c     
                  00000000    0000003c     mmw_mss_per4ft.oer4ft (.vecs)

.text      0    00000100    0001a252     
                  00000100    00001618     mmw_cli.oer4f (.text:MmwDemo_CLIInit)
                  00001718    0000107a     rtsv7R4_T_le_v3D16_eabi.lib : _printfi.obj (.text)
                  00002792    00000002     libadcbuf_xwr18xx.aer4f : adcbuf_mmwave.oer4f (.text:ADCBUF_MMWave_init)
                  00002794    00000ab8     rfmonitor.oer4f (.text:RFMon_reportHandler)
                  0000324c    00000ab4     mss_main.oer4f (.text:MmwDemo_transmitProcessedOutput)
                  00003d00    000006b8     rfmonitor.oer4f (.text:RFMon_configAnaMonitors)
                  000043b8    0000051f     mmwl_if.oer4f (.text:MmwaveLink_asyncEventHandler)
                  000048d7    00000001     --HOLE-- [fill = 0]
                  000048d8    00000008     mss_main.oer4f (.text:Cycleprofiler_init)
                  000048e0    000004e1     sysbios.aer4ft : BIOS.obj (.text:xdc_runtime_System_doPrint__I)
                  00004dc1    00000001     --HOLE-- [fill = 0]
                  00004dc2    00000002     libuart_xwr18xx.aer4f : uartsci.oer4f (.text:UartSci_init)
                  00004dc4    000004dc     mmw_rfparser.oer4f (.text:MmwDemo_RFParser_parseCtrlConfig)
                  000052a0    000004a8     libadcbuf_xwr18xx.aer4f : adcbuf_mmwave.oer4f (.text:ADCBUF_MMWave_control)
                  00005748    00000486     mmw_cli.oer4f (.text:CLI_MMWaveVersion)
                  00005bce    00000002     rtsv7R4_T_le_v3D16_eabi.lib : i_div0.obj (.text)
                  00005bd0    00000308     libsoc_xwr18xx.aer4f : soc_xwr18xx_mss.oer4f (.text:SOC_deviceInit)
                  00005ed8    000002f8     libcbuff_xwr18xx.aer4f : cbuff.oer4f (.text:CBUFF_createSession)
                  000061d0    000002f4     sysbios.aer4ft : BIOS.obj (.text:ti_sysbios_knl_Semaphore_pend__E)
                  000064c4    0000000c     libedma_xwr18xx.aer4f : edma_low_level.oer4f (.text:EDMA3ChannelToParamMap)
                  000064d0    000002cc     sysbios.aer4ft : BIOS.obj (.text:ti_sysbios_knl_Task_Instance_finalize__E)
                  0000679c    000002b8     rtsv7R4_T_le_v3D16_eabi.lib : ull_div32.obj (.text)
                  00006a54    0000000c     libedma_xwr18xx.aer4f : edma_low_level.oer4f (.text:EDMAsetRegion)
                  00006a60    000002a4     sysbios.aer4ft : BIOS.obj (.text:ti_sysbios_heaps_HeapMem_freeUnprotected__E)
                  00006d04    00000280     libhsiheader_xwr18xx.aer4f : hsiheader.oer4f (.text:HSIHeader_createHeader)
                  00006f84    0000000c     mmwl_if.oer4f (.text:MmwaveLink_unmaskHostIRQ)
                  00006f90    00000280     sysbios.aer4ft : BIOS.obj (.text:ti_sysbios_family_arm_exc_Exception_excDumpContext__I)
                  00007210    0000027c     mmw_lvds_stream.oer4f (.text:MmwDemo_LVDSStreamHwConfig)
                  0000748c    0000026c     mss_main.oer4f (.text:MmwDemo_dataPathConfig)
                  000076f8    00000268     mmwl_if.oer4f (.text:MmwaveLink_initLink)
                  00007960    00000264     libcbuff_xwr18xx.aer4f : cbuff.oer4f (.text:CBUFF_init)
                  00007bc4    00000260     libmailbox_xwr18xx.aer4f : mailbox.oer4f (.text:Mailbox_open)
                  00007e24    0000022c     libcbuff_xwr18xx.aer4f : cbuff_lvds.oer4f (.text:CBUFF_openLVDS)
                  00008050    00000228     sysbios.aer4ft : BIOS.obj (.text:ti_sysbios_heaps_HeapMem_allocUnprotected__E)
                  00008278    00000224     mmw_cli.oer4f (.text:CLI_MMWaveProfileCfg)
                  0000849c    00000004     libosal_xwr18xx.aer4f : HwiP_tirtos.oer4f (.text:HwiP_disableInterrupt)
                  000084a0    00000224     sysbios.aer4ft : BIOS.obj (.text:ti_sysbios_timers_rti_Timer_Module_startup__E)
                  000086c4    00000214     libedma_xwr18xx.aer4f : edma.oer4f (.text:EDMA_configChannel)
                  000088d8    00000214     libuart_xwr18xx.aer4f : uartsci.oer4f (.text:UartSci_open)
                  00008aec    0000020a     libcbuff_xwr18xx.aer4f : cbuff_transfer.oer4f (.text:CBUFF_addLinkedList)
                  00008cf6    00000002     mmw_mss_per4ft.oer4ft (.text:ti_sysbios_BIOS_nullFunc__I)
                  00008cf8    00000204     libcrc_xwr18xx.aer4f : crc.oer4f (.text:CRC_open)
                  00008efc    00000004     libosal_xwr18xx.aer4f : HwiP_tirtos.oer4f (.text:HwiP_enableInterrupt)
                  00008f00    00000204     sysbios.aer4ft : BIOS.obj (.text:ti_sysbios_knl_Task_sleep__E)
                  00009104    0000000c     rfmonitor.oer4f (.text:RFMon_reportFailureToHost)
                  00009110    00000200     sysbios.aer4ft : BIOS.obj (.text:ti_sysbios_knl_Task_Instance_init__E)
                  00009310    000001f0     libdma_xwr18xx.aer4f : dma.oer4f (.text:DMA_setChannelParams)
                  00009500    000001ef     libedma_xwr18xx.aer4f : edma.oer4f (.text:EDMA_paramConfig_assist)
                  000096ef    00000001     --HOLE-- [fill = 0]
                  000096f0    000001e8     mmwl_if.oer4f (.text:MmwaveLink_computeCRC)
                  000098d8    000001e4     mss_main.oer4f (.text:main)
                  00009abc    000001e4     rtsv7R4_T_le_v3D16_eabi.lib : strtod.obj (.text)
                  00009ca0    000001d4     libcbuff_xwr18xx.aer4f : cbuff_edma.oer4f (.text:CBUFF_configEDMA)
                  00009e74    0000000c     libuart_xwr18xx.aer4f : UART.oer4f (.text:UART_Params_init)
                  00009e80    000001cc     sysbios.aer4ft : BIOS.obj (.text:ti_sysbios_family_arm_v7r_vim_Hwi_dispatchIRQC__I)
                  0000a04c    000001c8     libcbuff_xwr18xx.aer4f : cbuff_lvds.oer4f (.text:CBUFF_initLVDS)
                  0000a214    000001c8     libmmwavelink_xwr18xx.aer4f : rl_driver.oer4f (.text:rlDriverRxHdrRead)
                  0000a3dc    000001c8     rtsv7R4_T_le_v3D16_eabi.lib : fopen.obj (.text)
                  0000a5a4    000001c0     mmw_cli.oer4f (.text:CLI_MMWaveChirpCfg)
                  0000a764    000001c0     mmw_cli.oer4f (.text:CLI_task)
                  0000a924    000001c0     libedma_xwr18xx.aer4f : edma.oer4f (.text:EDMA_open)
                  0000aae4    000001b0     mss_main.oer4f (.text:MmwDemo_initTask)
                  0000ac94    000001b0     libmmwavelink_xwr18xx.aer4f : rl_driver.oer4f (.text:rlDriverMsgRead)
                  0000ae44    000001a4     libcbuff_xwr18xx.aer4f : cbuff.oer4f (.text:CBUFF_activateSession)
                  0000afe8    000001a0     mmw_lvds_stream.oer4f (.text:MmwDemo_LVDSStreamInit)
                  0000b188    00000008     libosal_xwr18xx.aer4f : HwiP_tirtos.oer4f (.text:HwiP_disable)
                  0000b190    0000019c     sysbios.aer4ft : BIOS.obj (.text:xdc_runtime_Error_policyDefault__E)
                  0000b32c    00000190     libmmwavelink_xwr18xx.aer4f : rl_driver.oer4f (.text:rlDriverCmdInvoke)
                  0000b4bc    0000018c     rfmonitor.oer4f (.text:RFMon_initCfg)
                  0000b648    00000008     libosal_xwr18xx.aer4f : SemaphoreP_tirtos.oer4f (.text:SemaphoreP_Params_init)
                  0000b650    00000184     sysbios.aer4ft : BIOS.obj (.text:xdc_runtime_LoggerBuf_write8__E)
                  0000b7d4    00000170     libgpio_xwr18xx.aer4f : gpio.oer4f (.text:GPIO_setConfig)
                  0000b944    0000016c     libsoc_xwr18xx.aer4f : soc_xwr18xx_mss.oer4f (.text:SOC_unhaltDSS)
                  0000bab0    0000016c     sysbios.aer4ft : BIOS.obj (.text:ti_sysbios_knl_Semaphore_post__E)
                  0000bc1c    00000004     mss_main.oer4f (.text:MmwDemo_sleep)
                  0000bc20    00000168     sysbios.aer4ft : BIOS.obj (.text:ti_sysbios_family_arm_exc_Exception_excHandler__I)
                  0000bd88    00000164     mmw_cli.oer4f (.text:CLI_MMWaveSubFrameCfg)
                  0000beec    00000164     mmw_cli.oer4f (.text:CLI_MMWaveTestSrcObj)
                  0000c050    00000164     rfmonitor.oer4f (.text:RFMon_reportStatsToHost)
                  0000c1b4    0000000c     libuart_xwr18xx.aer4f : uartsci_dma.oer4f (.text:UartSci_isDMAEnabled)
                  0000c1c0    00000160     sysbios.aer4ft : BIOS.obj (.text:ti_sysbios_family_arm_v7r_vim_Hwi_reconfig__E)
                  0000c320    00000158                    : BIOS.obj (.text:ti_sysbios_knl_Task_postInit__I)
                  0000c478    0000014c     mmw_cli.oer4f (.text:CLI_MMWaveLoopBackCfg)
                  0000c5c4    0000014c     mmw_lvds_stream.oer4f (.text:MmwDemo_LVDSStreamDeleteHwSession)
                  0000c710    0000014a     libuart_xwr18xx.aer4f : uartsci.oer4f (.text:UartSci_ISR)
                  0000c85a    00000002     mmw_mss_per4ft.oer4ft (.text:xdc_runtime_Startup_reset__I)
                  0000c85c    00000148     libhsiheader_xwr18xx.aer4f : hsiheader.oer4f (.text:HSIHeader_init)
                  0000c9a4    00000148     mss_main.oer4f (.text:MmwDemo_edmaOpen)
                  0000caec    00000148     libmmwavelink_xwr18xx.aer4f : rl_driver.oer4f (.text:rlDriverCmdSendRetry)
                  0000cc34    00000140     mss_main.oer4f (.text:Mmw_configCQ)
                  0000cd74    0000000c     sysbios.aer4ft : arm_IntrinsicsSupport_asm.obj (.text:_ti_sysbios_family_arm_IntrinsicsSupport_maxbitA)
                  0000cd80    00000140                    : BIOS.obj (.text:ti_sysbios_heaps_HeapMem_Instance_init__E)
                  0000cec0    00000140                    : BIOS.obj (.text:xdc_runtime_Core_createObject__I)
                  0000d000    0000013c     mmw_lvds_stream.oer4f (.text:MmwDemo_LVDSStreamDeleteSwSession)
                  0000d13c    00000004     libsoc_xwr18xx.aer4f : soc_xwr18xx.oer4f (.text:SOC_gateClock)
                  0000d140    0000013c     sysbios.aer4ft : BIOS.obj (.text:ti_sysbios_knl_Clock_workFunc__E)
                  0000d27c    00000134     libadcbuf_xwr18xx.aer4f : adcbuf_mmwave.oer4f (.text:ADCBUF_MMWave_open)
                  0000d3b0    00000134     sysbios.aer4ft : BIOS.obj (.text:xdc_runtime_Startup_startMods__I)
                  0000d4e4    00000130     mmw_lvds_stream.oer4f (.text:MmwDemo_LVDSStream_EDMAInit)
                  0000d614    0000012a     libedma_xwr18xx.aer4f : edma.oer4f (.text:EDMA_check4kSiErrata)
                  0000d73e    00000002     --HOLE-- [fill = 0]
                  0000d740    00000128     sysbios.aer4ft : BIOS.obj (.text:ti_sysbios_utils_Load_updateThreadContexts__E)
                  0000d868    00000124     libedma_xwr18xx.aer4f : edma.oer4f (.text:EDMA_init)
                  0000d98c    00000004     libsoc_xwr18xx.aer4f : soc_xwr18xx.oer4f (.text:SOC_ungateClock)
                  0000d990    00000120     sysbios.aer4ft : BIOS.obj (.text:xdc_runtime_LoggerBuf_write4__E)
                  0000dab0    00000118                    : BIOS.obj (.text:ti_sysbios_family_arm_v7r_vim_Hwi_Instance_init__E)
                  0000dbc8    00000114     libedma_xwr18xx.aer4f : edma.oer4f (.text:EDMA_configErrorMonitoring)
                  0000dcdc    00000114                           : edma.oer4f (.text:EDMA_transferComplete_isr)
                  0000ddf0    0000010c     sysbios.aer4ft : BIOS.obj (.text:ti_sysbios_knl_Task_schedule__I)
                  0000defc    00000004     mmw_mss_per4ft.oer4ft (.text:ti_sysbios_BIOS_RtsGateProxy_enter__E)
                  0000df00    0000010c     sysbios.aer4ft : BIOS.obj (.text:xdc_runtime_Core_constructObject__I)
                  0000e00c    00000108     libdma_xwr18xx.aer4f : dma.oer4f (.text:DMA_disableInterrupt)
                  0000e114    00000108     libmailbox_xwr18xx.aer4f : mailbox.oer4f (.text:Mailbox_write)
                  0000e21c    00000104     libcbuff_xwr18xx.aer4f : cbuff.oer4f (.text:CBUFF_deinit)
                  0000e320    00000104     libedma_xwr18xx.aer4f : edma.oer4f (.text:EDMA_configParamSet)
                  0000e424    0000000c     rtsv7R4_T_le_v3D16_eabi.lib : copy_zero_init.obj (.text:decompress:ZI)
                  0000e430    00000104     sysbios.aer4ft : BIOS.obj (.text:ti_sysbios_timers_rti_Timer_getFreq__E)
                  0000e534    00000100     libdma_xwr18xx.aer4f : dma.oer4f (.text:DMA_clearChannelInterruptFlag)
                  0000e634    00000100     libmmwavelink_xwr18xx.aer4f : rl_driver.oer4f (.text:rlDriverInit)
                  0000e734    000000fc     libcbuff_xwr18xx.aer4f : cbuff.oer4f (.text:CBUFF_deleteSession)
                  0000e830    000000fc     libcrc_xwr18xx.aer4f : crc.oer4f (.text:CRC_computeSignature)
                  0000e92c    000000fc     mmw_adcconfig.oer4f (.text:Mmw_ADCBufConfig)
                  0000ea28    00000008     libmmwavelink_xwr18xx.aer4f : rl_driver.oer4f (.text:rlDriverGetHandle)
                  0000ea30    000000fc     sysbios.aer4ft : BIOS.obj (.text:ti_sysbios_knl_Task_exit__E)
                  0000eb2c    000000f8     mmw_lvds_stream.oer4f (.text:MmwDemo_configLVDSHwData)
                  0000ec24    000000f8     mmwl_if.oer4f (.text:MmwaveLink_mboxOpen)
                  0000ed1c    000000f8     libmmwavelink_xwr18xx.aer4f : rl_driver.oer4f (.text:rlDriverRdVerifyMsg)
                  0000ee14    000000f8     mmw_mss_per4ft.oer4ft (.text:xdc_runtime_System_printfExtend__I)
                  0000ef0c    000000f4     mmw_cli.oer4f (.text:CLI_MMWaveFrameCfg)
                  0000f000    000000f4     mmw_cli.oer4f (.text:MmwDemo_CLICalibMonCfg)
                  0000f0f4    000000f4     mmw_rfparser.oer4f (.text:MmwDemo_RFParser_parseADCBufCfg)
                  0000f1e8    000000f0     mmw_cli.oer4f (.text:CLI_MMWaveContModeCfg)
                  0000f2d8    00000008     sysbios.aer4ft : BIOS.obj (.text:ti_sysbios_family_arm_v7a_Pmu_getEnabled__E)
                  0000f2e0    000000f0                    : BIOS.obj (.text:ti_sysbios_family_arm_v7r_vim_Hwi_Module_startup__E)
                  0000f3d0    000000f0                    : BIOS.obj (.text:ti_sysbios_knl_Task_startCore__E)
                  0000f4c0    000000f0                    : BIOS.obj (.text:ti_sysbios_utils_Load_taskCreateHook__E)
                  0000f5b0    000000ec     cli_rfmonitor.oer4f (.text:CLI_TxIntAnaSigMonCfg)
                  0000f69c    000000ec     cli_rfmonitor.oer4f (.text:CLI_TxPowerMonCfg)
                  0000f788    000000ec     rtsv7R4_T_le_v3D16_eabi.lib : s_scalbn.obj (.text)
                  0000f874    0000000c     libmmwavelink_xwr18xx.aer4f : rl_driver.oer4f (.text:rlDriverGetPlatformId)
                  0000f880    000000ec     sysbios.aer4ft : BIOS.obj (.text:ti_sysbios_heaps_HeapBuf_Module_startup__E)
                  0000f96c    000000e8     mss_main.oer4f (.text:MmwDemo_openSensor)
                  0000fa54    000000e4     mmw_cli.oer4f (.text:MmwDemo_CLI_open)
                  0000fb38    000000e0     libdma_xwr18xx.aer4f : dma.oer4f (.text:DMA_enableInterrupt)
                  0000fc18    000000dc     mmw_cli.oer4f (.text:CLI_help)
                  0000fcf4    000000dc     libmmwavelink_xwr18xx.aer4f : rl_driver.oer4f (.text:rlDriverMsgCmdReply)
                  0000fdd0    000000dc     rtsv7R4_T_le_v3D16_eabi.lib : setvbuf.obj (.text)
                  0000feac    000000d4     libmailbox_xwr18xx.aer4f : mailbox.oer4f (.text:Mailbox_read)
                  0000ff80    000000d4     sysbios.aer4ft : BIOS.obj (.text:ti_sysbios_utils_Load_logLoads__I)
                  00010054    000000d0     cli_rfmonitor.oer4f (.text:CLI_TxBallbreakMonCfg)
                  00010124    000000d0     libsoc_xwr18xx.aer4f : soc_xwr18xx_mss.oer4f (.text:SOC_controlSecureFirewall)
                  000101f4    000000d0     sysbios.aer4ft : exc_Exception_asm.obj (.text:ti_sysbios_family_arm_exc_Exception_excHandlerAsm__I)
                  000102c4    0000000c                    : BIOS.obj (.text:ti_sysbios_family_arm_v7a_Pmu_configureCounterI__I)
                  000102d0    000000d0                    : BIOS.obj (.text:ti_sysbios_utils_Load_idleFxn__E)
                  000103a0    000000d0                    : BIOS.obj (.text:xdc_runtime_LoggerBuf_Instance_init__E)
                  00010470    000000cc     mmw_cli.oer4f (.text:CLI_MMWaveAdvFrameCfg)
                  0001053c    000000cc     libmmwavelink_xwr18xx.aer4f : rl_sensor.oer4f (.text:rlSetChirpConfig)
                  00010608    000000cc     rtsv7R4_T_le_v3D16_eabi.lib : fflush.obj (.text)
                  000106d4    0000000c     mmw_mss_per4ft.oer4ft (.text:ti_sysbios_knl_Queue_Object__get__S)
                  000106e0    000000cc     sysbios.aer4ft : BIOS.obj (.text:ti_sysbios_knl_Task_checkStacks__E)
                  000107ac    000000c8     libmmwavelink_xwr18xx.aer4f : rl_sensor.oer4f (.text:rlSetFrameConfig)
                  00010874    000000c4     libcbuff_xwr18xx.aer4f : cbuff_transfer.oer4f (.text:CBUFF_setupNonInterleaved_CP_ADC_CQ)
                  00010938    000000c4     mmw_cli.oer4f (.text:MmwDemo_CLISensorStart)
                  000109fc    00000004     mmw_mss_per4ft.oer4ft (.text:ti_sysbios_BIOS_RtsGateProxy_leave__E)
                  00010a00    000000c4     sysbios.aer4ft : BIOS.obj (.text:ti_sysbios_family_arm_v7a_Pmu_configureCounter__E)
                  00010ac4    000000c0     libmmwavelink_xwr18xx.aer4f : rl_driver.oer4f (.text:rlDriverMsgWrite)
                  00010b84    0000000a     libadcbuf_xwr18xx.aer4f : ADCBuf.oer4f (.text:ADCBuf_control)
                  00010b8e    00000002     --HOLE-- [fill = 0]
                  00010b90    000000c0     sysbios.aer4ft : BIOS.obj (.text:ti_sysbios_timers_rti_Timer_startup__E)
                  00010c50    000000bc     libgpio_xwr18xx.aer4f : gpio.oer4f (.text:GPIO_write)
                  00010d0c    000000bc     rtsv7R4_T_le_v3D16_eabi.lib : open.obj (.text)
                  00010dc8    000000b8     libcbuff_xwr18xx.aer4f : cbuff.oer4f (.text:CBUFF_ISR)
                  00010e80    000000b8                            : cbuff_transfer.oer4f (.text:CBUFF_setupTransfer)
                  00010f38    000000b8     libdma_xwr18xx.aer4f : dma.oer4f (.text:DMA_getChannelInterruptFlag)
                  00010ff0    000000b8     mss_main.oer4f (.text:deactivateLVDSSession)
                  000110a8    000000b8     libmmwavelink_xwr18xx.aer4f : rl_monitoring.oer4f (.text:rlRfTxBallbreakMonConfig)
                  00011160    000000b8                                 : rl_monitoring.oer4f (.text:rlRfTxIntAnaSignalsMonConfig)
                  00011218    000000b8                                 : rl_monitoring.oer4f (.text:rlRfTxPowrMonConfig)
                  000112d0    000000b6     libsoc_xwr18xx.aer4f : soc_mpu.o (.text)
                  00011386    00000002     --HOLE-- [fill = 0]
                  00011388    000000b4     mmw_lvds_stream.oer4f (.text:MmwDemo_LVDSStream_EDMAAllocateCBUFFHwChannel)
                  0001143c    00000004     mmw_mss_per4ft.oer4ft (.text:ti_sysbios_family_arm_TaskSupport_Module__startupDone__S)
                  00011440    000000b4     sysbios.aer4ft : BIOS.obj (.text:ti_sysbios_gates_GateMutex_enter__E)
                  000114f4    0000000a     libadcbuf_xwr18xx.aer4f : ADCBuf.oer4f (.text:ADCBuf_getChanBufAddr)
                  000114fe    00000002     --HOLE-- [fill = 0]
                  00011500    000000b4     sysbios.aer4ft : BIOS.obj (.text:xdc_runtime_LoggerBuf_setFilterLevel__E)
                  000115b4    000000b2     libuart_xwr18xx.aer4f : uartsci_dma.oer4f (.text:UartSci_openDMA)
                  00011666    00000002     --HOLE-- [fill = 0]
                  00011668    000000b0     libcbuff_xwr18xx.aer4f : cbuff.oer4f (.text:CBUFF_deactivateSession)
                  00011718    000000b0     libmmwavelink_xwr18xx.aer4f : rl_sensor.oer4f (.text:rlSetProfileConfig)
                  000117c8    00000008     mmw_mss_per4ft.oer4ft (.text:xdc_runtime_Text_visitRope__I)
                  000117d0    000000b0     sysbios.aer4ft : BIOS.obj (.text:ti_sysbios_utils_Load_updateLoads__E)
                  00011880    000000b0                    : BIOS.obj (.text:xdc_runtime_Text_putMod__E)
                  00011930    000000ae     rtsv7R4_T_le_v3D16_eabi.lib : _io_perm.obj (.text)
                  000119de    00000002     --HOLE-- [fill = 0]
                  000119e0    000000ac     libesm_xwr18xx.aer4f : esm.oer4f (.text:ESM_processInterrupt)
                  00011a8c    000000ac     mmw_cli.oer4f (.text:MmwDemo_CLIChirpQualityRxSatMonCfg)
                  00011b38    000000ac     mmw_cli.oer4f (.text:MmwDemo_CLILdoBypassCfg)
                  00011be4    000000ac     mss_main.oer4f (.text:MmwDemo_startSensor)
                  00011c90    000000ac     sysbios.aer4ft : BIOS.obj (.text:ti_sysbios_knl_Task_Module_startup__E)
                  00011d3c    00000004     mmw_mss_per4ft.oer4ft (.text:ti_sysbios_family_arm_v7r_vim_Hwi_delete)
                  00011d40    000000ac     sysbios.aer4ft : BIOS.obj (.text:ti_sysbios_utils_Load_startup__E)
                  00011dec    000000a8     libadcbuf_xwr18xx.aer4f : adcbuf_mmwave.oer4f (.text:ADCBUF_MMWave_getChanBufAddr)
                  00011e94    000000a8     libedma_xwr18xx.aer4f : edma_low_level.oer4f (.text:EDMA3Init)
                  00011f3c    000000a8     libpinmux_xwr18xx.aer4f : pinmux.oer4f (.text:Pinmux_Set_OverrideCtrl)
                  00011fe4    000000a8     rfmonitor.oer4f (.text:RFMon_configDigMonitors)
                  0001208c    000000a8     libsoc_xwr18xx.aer4f : soc.oer4f (.text:SOC_deregisterSysIntListener)
                  00012134    000000a8     libmmwavelink_xwr18xx.aer4f : rl_driver.oer4f (.text:rlDriverWaitForResponse)
                  000121dc    000000a8                                 : rl_sensor.oer4f (.text:rlSetAdvFrameConfig)
                  00012284    000000a4     mmw_cli.oer4f (.text:CLI_MMWaveTestSrcCfg)
                  00012328    000000a4     libdma_xwr18xx.aer4f : dma.oer4f (.text:DMA_assignChannel)
                  000123cc    000000a4     libesm_xwr18xx.aer4f : esm.oer4f (.text:ESM_init)
                  00012470    000000a2     sysbios.aer4ft : BIOS.obj (.text:xdc_runtime_Text_putSite__E)
                  00012512    00000002     --HOLE-- [fill = 0]
                  00012514    000000a0     mss_main.oer4f (.text:MmwDemo_edmaInit)
                  000125b4    000000a0     libsoc_xwr18xx.aer4f : soc.oer4f (.text:SOC_registerSysIntListener)
                  00012654    000000a0     auto_init.aer4ft : auto_init.oer4ft (.text)
                  000126f4    0000000a     libcbuff_xwr18xx.aer4f : cbuff_lvds.oer4f (.text:CBUFF_deinitLVDS)
                  000126fe    00000002     --HOLE-- [fill = 0]
                  00012700    000000a0     sysbios.aer4ft : BIOS.obj (.text:ti_sysbios_knl_Task_blockI__E)
                  000127a0    0000009c     mss_main.oer4f (.text:MmwDemo_stopSensor)
                  0001283c    0000009c     libuart_xwr18xx.aer4f : uartsci.oer4f (.text:UartSci_write)
                  000128d8    0000009c     rtsv7R4_T_le_v3D16_eabi.lib : memcpy_t2.obj (.text)
                  00012974    0000000a     libosal_xwr18xx.aer4f : MemoryP_tirtos.oer4f (.text:MemoryP_ctrlFree)
                  0001297e    00000002     --HOLE-- [fill = 0]
                  00012980    0000009c     sysbios.aer4ft : BIOS.obj (.text:ti_sysbios_family_arm_v7r_vim_Hwi_initIntController__I)
                  00012a1c    00000004     mmw_mss_per4ft.oer4ft (.text:ti_sysbios_heaps_HeapMem_Module_GateProxy_enter__E)
                  00012a20    0000009c     sysbios.aer4ft : BIOS.obj (.text:ti_sysbios_family_arm_v7r_vim_Hwi_mapChannel__I)
                  00012abc    00000004     mmw_mss_per4ft.oer4ft (.text:ti_sysbios_heaps_HeapMem_Module_GateProxy_leave__E)
                  00012ac0    0000009c     sysbios.aer4ft : BIOS.obj (.text:ti_sysbios_knl_Semaphore_Instance_init__E)
                  00012b5c    00000098     mmw_cli.oer4f (.text:MmwDemo_CLIADCBufCfg)
                  00012bf4    00000098     rtsv7R4_T_le_v3D16_eabi.lib : fclose.obj (.text)
                  00012c8c    00000098                                 : fputc.obj (.text)
                  00012d24    00000098     sysbios.aer4ft : vim_Hwi_asm_switch.obj (.text)
                  00012dbc    00000004     mmw_mss_per4ft.oer4ft (.text:ti_sysbios_knl_Clock_TimerProxy_getMaxTicks__E)
                  00012dc0    00000098     sysbios.aer4ft : BIOS.obj (.text:ti_sysbios_utils_Load_taskDeleteHook__E)
                  00012e58    00000096     libedma_xwr18xx.aer4f : edma.oer4f (.text:EDMA_getErrorStatusInfo)
                  00012eee    00000096     libuart_xwr18xx.aer4f : uartsci.oer4f (.text:UartSci_readChar)
                  00012f84    00000094     libcbuff_xwr18xx.aer4f : cbuff_transfer.oer4f (.text:CBUFF_setupNonInterleaved_ADC)
                  00013018    00000094     mmw_cli.oer4f (.text:MmwDemo_CLILvdsStreamCfg)
                  000130ac    00000094     mmwl_if.oer4f (.text:MmwaveLink_mmwaveLinkMgmtTask)
                  00013140    00000094     libmmwavelink_xwr18xx.aer4f : rl_driver.oer4f (.text:rlDriverDeInit)
                  000131d4    00000094                                 : rl_driver.oer4f (.text:rlDriverMsgReadCmdCtx)
                  00013268    00000094                                 : rl_driver.oer4f (.text:rlDriverProcRdMsg)
                  000132fc    00000094     sysbios.aer4ft : vim_Hwi_asm.obj (.text:ti_sysbios_family_arm_v7r_vim_Hwi_dispatchIRQ__I)
                  00013390    00000090     mmw_cli.oer4f (.text:CLI_MMWaveChannelCfg)
                  00013420    00000090     libgpio_xwr18xx.aer4f : gpio.oer4f (.text:GPIO_init)
                  000134b0    00000090     libmailbox_xwr18xx.aer4f : mailbox.oer4f (.text:Mailbox_close)
                  00013540    00000090     mmw_cli.oer4f (.text:MmwDemo_CLIChirpQualitySigImgMonCfg)
                  000135d0    00000090     mmw_lvds_stream.oer4f (.text:MmwDemo_LVDSStream_EDMAFreeCBUFFHwChannel)
                  00013660    00000090     libuart_xwr18xx.aer4f : uartsci_dma.oer4f (.text:UartSci_initiateTxDMA)
                  000136f0    00000090                           : uartsci.oer4f (.text:UartSci_read)
                  00013780    00000090     sysbios.aer4ft : BIOS.obj (.text:ti_sysbios_family_arm_v7a_Pmu_startCounter__E)
                  00013810    00000090                    : BIOS.obj (.text:ti_sysbios_knl_Task_unblockI__E)
                  000138a0    00000090                    : BIOS.obj (.text:xdc_runtime_LoggerBuf_getFilterLevel__E)
                  00013930    0000008c     libsoc_xwr18xx.aer4f : soc.oer4f (.text:SOC_init)
                  000139bc    0000008c                          : soc_xwr18xx.oer4f (.text:SOC_translateAddress)
                  00013a48    0000008c     libuart_xwr18xx.aer4f : uartsci_dma.oer4f (.text:UartSci_initiateRxDMA)
                  00013ad4    0000008c     libmmwavelink_xwr18xx.aer4f : rl_device.oer4f (.text:rlDevicePowerOn)
                  00013b60    0000008c                                 : rl_driver.oer4f (.text:rlDriverMsgReadSpawnCtx)
                  00013bec    00000004     mmw_mss_per4ft.oer4ft (.text:ti_sysbios_knl_Semaphore_delete)
                  00013bf0    0000008c     sysbios.aer4ft : BIOS.obj (.text:ti_sysbios_family_arm_v7r_vim_Hwi_Instance_finalize__E)
                  00013c7c    00000004     mmw_mss_per4ft.oer4ft (.text:xdc_runtime_LoggerBuf_Module_GateProxy_enter__E)
                  00013c80    0000008c     sysbios.aer4ft : BIOS.obj (.text:xdc_runtime_Memory_alloc__E)
                  00013d0c    00000088     rtsv7R4_T_le_v3D16_eabi.lib : vsnprintf.obj (.text)
                  00013d94    00000086     libcbuff_xwr18xx.aer4f : cbuff_edma.oer4f (.text:CBUFF_closeEDMA)
                  00013e1a    00000086     mmw_cli.oer4f (.text:MmwDemo_CLIGuiMonSel)
                  00013ea0    00000081     libcbuff_xwr18xx.aer4f : cbuff_edma.oer4f (.text:CBUFF_setupEDMAShadowLink)
                  00013f21    00000003     --HOLE-- [fill = 0]
                  00013f24    00000080     cli_rfmonitor.oer4f (.text:CLI_RxGainPhaseMonCfg)
                  00013fa4    00000080     mss_main.oer4f (.text:MonReportStreamTask)
                  00014024    00000080     libsoc_xwr18xx.aer4f : soc.oer4f (.text:SOC_getDeviceRFFreqScaleFactor)
                  000140a4    00000080     libuart_xwr18xx.aer4f : uartsci.oer4f (.text:UartSci_writePolling)
                  00014124    00000080     libmmwavelink_xwr18xx.aer4f : rl_driver.oer4f (.text:rlDriverExecuteGetApi)
                  000141a4    0000000a     mmwl_if.oer4f (.text:MmwaveLink_maskHostIRQ)
                  000141ae    00000002     --HOLE-- [fill = 0]
                  000141b0    00000080     sysbios.aer4ft : BIOS.obj (.text:ti_sysbios_timers_rti_Timer_initDevice__I)
                  00014230    0000007e     libosal_xwr18xx.aer4f : HwiP_tirtos.oer4f (.text:HwiP_create)
                  000142ae    00000002     --HOLE-- [fill = 0]
                  000142b0    0000007d     libcbuff_xwr18xx.aer4f : cbuff_lvds.oer4f (.text:CBUFF_initLVDSLinkListParams)
                  0001432d    00000003     --HOLE-- [fill = 0]
                  00014330    0000007c     cli_rfmonitor.oer4f (.text:CLI_PmClkSigMonCfg)
                  000143ac    0000007c     cli_rfmonitor.oer4f (.text:CLI_RxIfStageMonCfg)
                  00014428    0000007c     cli_rfmonitor.oer4f (.text:CLI_RxIntAnaSigMonCfg)
                  000144a4    0000007c     cli_rfmonitor.oer4f (.text:CLI_RxMixInpwrMonCfg)
                  00014520    0000007c     cli_rfmonitor.oer4f (.text:CLI_SynthFreqMonCfg)
                  0001459c    0000007c     libedma_xwr18xx.aer4f : edma.oer4f (.text:EDMA_clearErrors)
                  00014618    0000007c     libmailbox_xwr18xx.aer4f : mailbox.oer4f (.text:Mailbox_init)
                  00014694    0000007c     libuart_xwr18xx.aer4f : uartsci.oer4f (.text:UartSci_readPolling)
                  00014710    0000007c     sysbios.aer4ft : arm_TaskSupport_asm.obj (.text:_ti_sysbios_family_arm_TaskSupport_buildTaskStack)
                  0001478c    00000004     mmw_mss_per4ft.oer4ft (.text:xdc_runtime_LoggerBuf_Module_GateProxy_leave__E)
                  00014790    0000007c     sysbios.aer4ft : BIOS.obj (.text:xdc_runtime_Core_deleteObject__I)
                  0001480c    0000007a     rtsv7R4_T_le_v3D16_eabi.lib : memset_t2.obj (.text)
                  00014886    00000002     --HOLE-- [fill = 0]
                  00014888    00000078     libadcbuf_xwr18xx.aer4f : adcbuf_mmwave.oer4f (.text:ADCBUF_MMWave_getCQBufAddr)
                  00014900    00000078     libcbuff_xwr18xx.aer4f : cbuff_transfer.oer4f (.text:CBUFF_configUserBufferEDMA)
                  00014978    00000078                            : cbuff.oer4f (.text:CBUFF_setVC)
                  000149f0    00000074     mss_main.oer4f (.text:MmwDemo_CfgUpdate)
                  00014a64    00000074     boot.aer4ft : boot.oer4ft (.text)
                  00014ad8    00000074     libmmwavelink_xwr18xx.aer4f : rl_driver.oer4f (.text:rlDriverAsyncEventHandler)
                  00014b4c    00000074     rtsv7R4_T_le_v3D16_eabi.lib : getdevice.obj (.text)
                  00014bc0    00000074                                 : s_frexp.obj (.text)
                  00014c34    00000072     libmmwavelink_xwr18xx.aer4f : rl_driver.oer4f (.text:rlDriverClientCbCheck)
                  00014ca6    00000002     --HOLE-- [fill = 0]
                  00014ca8    00000070     mmw_cli.oer4f (.text:CLI_MMWaveADCCfg)
                  00014d18    00000070     libedma_xwr18xx.aer4f : edma.oer4f (.text:EDMA_error_isr)
                  00014d88    00000070     libhsiheader_xwr18xx.aer4f : hsiheader.oer4f (.text:HSIHeader_deleteHeader)
                  00014df8    00000070     mss_main.oer4f (.text:MmwDemo_dataPathOpen)
                  00014e68    00000006     libedma_xwr18xx.aer4f : edma_low_level.oer4f (.text:EDMA3ClrCCErr)
                  00014e6e    00000002     --HOLE-- [fill = 0]
                  00014e70    00000070     sysbios.aer4ft : BIOS.obj (.text:xdc_runtime_Error_print__E)
                  00014ee0    0000006c     libdma_xwr18xx.aer4f : dma.oer4f (.text:DMA_disableChannel)
                  00014f4c    0000006c                          : dma.oer4f (.text:DMA_enableChannel)
                  00014fb8    0000006c     mmw_lvds_stream.oer4f (.text:MmwDemo_LVDSStream_HwTriggerFrameDone)
                  00015024    0000006c     mmw_cli.oer4f (.text:MmwDemo_RfInitCalibConfig)
                  00015090    0000006c     libpinmux_xwr18xx.aer4f : pinmux.oer4f (.text:Pinmux_Set_FuncSel)
                  000150fc    0000006c     rtsv7R4_T_le_v3D16_eabi.lib : copy_decompress_lzss.obj (.text:decompress:lzss)
                  00015168    0000006c                                 : trgmsg.obj (.text)
                  000151d4    0000006a     libuart_xwr18xx.aer4f : uartsci.oer4f (.text:UartSci_control)
                  0001523e    00000002     --HOLE-- [fill = 0]
                  00015240    00000068     mmw_cli.oer4f (.text:CLI_MMWavePSLoopBackCfg)
                  000152a8    00000068     libmailbox_xwr18xx.aer4f : mailbox.oer4f (.text:Mailbox_readFlush)
                  00015310    00000068     mss_main.oer4f (.text:MmwDemo_platformInit)
                  00015378    00000068     mmw_cli.oer4f (.text:Mmwdemo_CLIHsiClkCfg)
                  000153e0    00000068     libmmwavelink_xwr18xx.aer4f : rl_driver.oer4f (.text:rlDriverExecuteSetApi)
                  00015448    00000068                                 : rl_driver.oer4f (.text:rlDriverHostIrqHandler)
                  000154b0    00000068     rtsv7R4_T_le_v3D16_eabi.lib : hostlseek.obj (.text)
                  00015518    00000068                                 : hostrename.obj (.text)
                  00015580    00000066     libmmwavelink_xwr18xx.aer4f : rl_device.oer4f (.text:rlDevicePowerOff)
                  000155e6    00000002     --HOLE-- [fill = 0]
                  000155e8    00000064     cli_rfmonitor.oer4f (.text:CLI_TempMonCfg)
                  0001564c    00000064     libedma_xwr18xx.aer4f : edma.oer4f (.text:EDMA_getTransferControllerErrorStatusInfo)
                  000156b0    00000064     mss_main.oer4f (.text:MmwDemo_dataPathStart)
                  00015714    00000064     mmw_cli.oer4f (.text:MmwaveLink_rfCalibration)
                  00015778    00000064     libosal_xwr18xx.aer4f : SemaphoreP_tirtos.oer4f (.text:SemaphoreP_create)
                  000157dc    00000064     rtsv7R4_T_le_v3D16_eabi.lib : fseek.obj (.text)
                  00015840    00000064                                 : sprintf.obj (.text)
                  000158a4    00000064     sysbios.aer4ft : exc_Exception_asm.obj (.text:ti_sysbios_family_arm_exc_Exception_initCore0__I)
                  00015908    00000006     libedma_xwr18xx.aer4f : edma_low_level.oer4f (.text:EDMA3ErrIntrHighStatusGet)
                  0001590e    00000002     --HOLE-- [fill = 0]
                  00015910    00000064     sysbios.aer4ft : BIOS.obj (.text:ti_sysbios_family_arm_v7r_vim_Hwi_phantomIntHandler__I)
                  00015974    0000000a     libosal_xwr18xx.aer4f : SemaphoreP_tirtos.oer4f (.text:SemaphoreP_post)
                  0001597e    00000002     --HOLE-- [fill = 0]
                  00015980    00000064     sysbios.aer4ft : BIOS.obj (.text:ti_sysbios_knl_Clock_logTick__E)
                  000159e4    0000000a     libuart_xwr18xx.aer4f : UART.oer4f (.text:UART_read)
                  000159ee    00000002     --HOLE-- [fill = 0]
                  000159f0    00000064     sysbios.aer4ft : BIOS.obj (.text:ti_sysbios_utils_Load_logCPULoad__I)
                  00015a54    0000000a     libuart_xwr18xx.aer4f : UART.oer4f (.text:UART_write)
                  00015a5e    00000002     --HOLE-- [fill = 0]
                  00015a60    00000064     sysbios.aer4ft : BIOS.obj (.text:xdc_runtime_Startup_exec__E)
                  00015ac4    00000063     mss_main.oer4f (.text:MmwDemo_mssSetHsiClk)
                  00015b27    00000001     --HOLE-- [fill = 0]
                  00015b28    00000060     mmw_cli.oer4f (.text:CLI_MMWaveDataOutputMode)
                  00015b88    00000060     mmw_cli.oer4f (.text:CLI_MMWaveMiscCfg)
                  00015be8    00000060     libosal_xwr18xx.aer4f : DebugP_tirtos.oer4f (.text:DebugP_log2)
                  00015c48    00000060                           : DebugP_tirtos.oer4f (.text:DebugP_log3)
                  00015ca8    00000060     mmw_lvds_stream.oer4f (.text:MmwDemo_LVDSStream_EDMAAllocateCBUFFChannel)
                  00015d08    00000006     libedma_xwr18xx.aer4f : edma_low_level.oer4f (.text:EDMA3GetCCErrStatus)
                  00015d0e    00000002     --HOLE-- [fill = 0]
                  00015d10    00000060     sysbios.aer4ft : BIOS.obj (.text:ti_sysbios_heaps_HeapMem_alloc__E)
                  00015d70    00000060                    : BIOS.obj (.text:xdc_runtime_Assert_raise__I)
                  00015dd0    0000005f                    : BIOS.obj (.text:xdc_runtime_Text_putLab__E)
                  00015e2f    00000001     --HOLE-- [fill = 0]
                  00015e30    0000005e     cli_rfmonitor.oer4f (.text:CSL_FINSR)
                  00015e8e    0000005e     mmw_cli.oer4f (.text:CSL_FINSR)
                  00015eec    0000005e     libuart_xwr18xx.aer4f : uartsci.oer4f (.text:UartSci_writeChar)
                  00015f4a    00000002     --HOLE-- [fill = 0]
                  00015f4c    0000005c     mmw_cli.oer4f (.text:MmwDemo_CLI_write)
                  00015fa8    0000005c     mmw_rfparser.oer4f (.text:Mmw_RFParser_parseConfig)
                  00016004    0000005c     rfmonitor.oer4f (.text:RFMon_config)
                  00016060    0000005c     libsoc_xwr18xx.aer4f : soc.oer4f (.text:SOC_enableLVDS)
                  000160bc    0000005c     rtsv7R4_T_le_v3D16_eabi.lib : hostopen.obj (.text)
                  00016118    0000005c                                 : hostread.obj (.text)
                  00016174    0000000a     libuart_xwr18xx.aer4f : UART.oer4f (.text:UART_writePolling)
                  0001617e    00000002     --HOLE-- [fill = 0]
                  00016180    0000005c     sysbios.aer4ft : BIOS.obj (.text:ti_sysbios_utils_Load_updateCurrentThreadTime__E)
                  000161dc    0000005a     libuart_xwr18xx.aer4f : uartsci.oer4f (.text:UartSci_readCancel)
                  00016236    0000005a     libmmwavelink_xwr18xx.aer4f : rl_driver.oer4f (.text:rlDriverCalChkSum)
                  00016290    00000058     cli_rfmonitor.oer4f (.text:CLI_RFMonitorExtensionHandler)
                  000162e8    00000058     libosal_xwr18xx.aer4f : DebugP_tirtos.oer4f (.text:DebugP_log0)
                  00016340    00000058                           : DebugP_tirtos.oer4f (.text:DebugP_log1)
                  00016398    00000058     libedma_xwr18xx.aer4f : edma_low_level.oer4f (.text:EDMA3EnableChInShadowReg)
                  000163f0    00000058     libesm_xwr18xx.aer4f : esm.oer4f (.text:ESM_highpriority_FIQ)
                  00016448    00000058     mmwl_if.oer4f (.text:MmwaveLink_mboxClose)
                  000164a0    00000058     libuart_xwr18xx.aer4f : uartsci_dma.oer4f (.text:UartSci_closeDMA)
                  000164f8    00000058     rtsv7R4_T_le_v3D16_eabi.lib : close.obj (.text)
                  00016550    00000058                                 : hostwrite.obj (.text)
                  000165a8    00000056     libedma_xwr18xx.aer4f : edma.oer4f (.text:EDMA_check4kSiErrata_boundaryCheckUtilType1)
                  000165fe    00000056     libmmwavelink_xwr18xx.aer4f : rl_driver.oer4f (.text:rlDriverOsiCbCheck)
                  00016654    00000054     libcrc_xwr18xx.aer4f : crc.oer4f (.text:CRC_getTransactionId)
                  000166a8    00000054     libdma_xwr18xx.aer4f : dma.oer4f (.text:DMA_freeChannel)
                  000166fc    00000054     mmw_rfparser.oer4f (.text:MmwDemo_RFParser_getChirpEndIdx)
                  00016750    00000054     mmw_rfparser.oer4f (.text:MmwDemo_RFParser_getFramePeriod_ms)
                  000167a4    00000054     mmwl_if.oer4f (.text:MmwaveLink_frameTrigger)
                  000167f8    00000054     rtsv7R4_T_le_v3D16_eabi.lib : ltoa.obj (.text)
                  0001684c    00000054     mmw_mss_per4ft.oer4ft (.text:ti_sysbios_family_arm_v7r_vim_Hwi_create)
                  000168a0    00000054     sysbios.aer4ft : BIOS.obj (.text:ti_sysbios_heaps_HeapMem_getStats__E)
                  000168f4    0000000a                    : tms570_Core_asm.obj (.text:ti_sysbios_family_arm_v7r_tms570_Core_getId__E)
                  000168fe    00000002     --HOLE-- [fill = 0]
                  00016900    00000054                    : BIOS.obj (.text:xdc_runtime_Core_assignLabel__I)
                  00016954    00000050     cli_rfmonitor.oer4f (.text:CLI_DualClkCompMonCfg)
                  000169a4    00000050     cli_rfmonitor.oer4f (.text:CLI_ExtAnaSigMonCfg)
                  000169f4    00000050     cli_rfmonitor.oer4f (.text:CLI_GpadcSigMonCfg)
                  00016a44    00000050     mmw_cli.oer4f (.text:CLI_MMWaveLowPowerCfg)
                  00016a94    00000050     cli_rfmonitor.oer4f (.text:CLI_PllConVoltMonCfg)
                  00016ae4    00000050     libcrc_xwr18xx.aer4f : crc.oer4f (.text:CRC_getSignature)
                  00016b34    00000050     libedma_xwr18xx.aer4f : edma_low_level.oer4f (.text:EDMA3MapChToEvtQ)
                  00016b84    00000050     libmmwavelink_xwr18xx.aer4f : rl_driver.oer4f (.text:rlDeviceIdentifyCmdDir)
                  00016bd4    00000050                                 : rl_driver.oer4f (.text:rlDriverVerifyCRC)
                  00016c24    00000050     rtsv7R4_T_le_v3D16_eabi.lib : atoi.obj (.text)
                  00016c74    00000050                                 : exit.obj (.text)
                  00016cc4    00000050                                 : u_div32.obj (.text)
                  00016d14    0000000a     mmw_mss_per4ft.oer4ft (.text:xdc_runtime_IHeap_alloc)
                  00016d1e    00000002     --HOLE-- [fill = 0]
                  00016d20    00000050     sysbios.aer4ft : BIOS.obj (.text:xdc_runtime_System_exit__E)
                  00016d70    0000004c     libedma_xwr18xx.aer4f : edma.oer4f (.text:EDMA_disableChannel)
                  00016dbc    0000004c                           : edma.oer4f (.text:EDMA_enableChannel)
                  00016e08    0000004c     libmailbox_xwr18xx.aer4f : mailbox.oer4f (.text:Mailbox_boxEmptyISRProcessing)
                  00016e54    0000004c     libuart_xwr18xx.aer4f : uartsci.oer4f (.text:UartSci_writeCancel)
                  00016ea0    0000004c     rtsv7R4_T_le_v3D16_eabi.lib : cpy_tbl.obj (.text)
                  00016eec    00000004     mmw_mss_per4ft.oer4ft (.text:xdc_runtime_System_Module_GateProxy_enter__E)
                  00016ef0    0000004c     sysbios.aer4ft : BIOS.obj (.text:ti_sysbios_family_arm_v7r_vim_Hwi_getStackInfo__E)
                  00016f3c    0000004c     mmw_mss_per4ft.oer4ft (.text:ti_sysbios_knl_Task_create)
                  00016f88    00000006     libedma_xwr18xx.aer4f : edma_low_level.oer4f (.text:EDMA3GetErrIntrStatus)
                  00016f8e    00000002     --HOLE-- [fill = 0]
                  00016f90    0000004c     sysbios.aer4ft : BIOS.obj (.text:ti_sysbios_utils_Load_taskSwitchHook__E)
                  00016fdc    0000004a     libmailbox_xwr18xx.aer4f : mailbox.oer4f (.text:Mailbox_boxFullISRProcessing)
                  00017026    0000000a     mmw_mss_per4ft.oer4ft (.text:xdc_runtime_IHeap_free)
                  00017030    0000004a     sysbios.aer4ft : BIOS.obj (.text:xdc_runtime_Core_assignParams__I)
                  0001707a    00000006     libedma_xwr18xx.aer4f : edma_low_level.oer4f (.text:EDMA3QdmaGetErrIntrStatus)
                  00017080    0000004a     sysbios.aer4ft : BIOS.obj (.text:xdc_runtime_Text_xprintf__I)
                  000170ca    00000048     libcbuff_xwr18xx.aer4f : cbuff_transfer.oer4f (.text:CBUFF_setup_USER)
                  00017112    00000002     --HOLE-- [fill = 0]
                  00017114    00000048     mmw_cli.oer4f (.text:CLI_MMWaveIFLoopBackCfg)
                  0001715c    00000048     mmw_cli.oer4f (.text:CLI_MMWavePALoopBackCfg)
                  000171a4    00000048     cli_rfmonitor.oer4f (.text:CLI_MonCalibReportCfg)
                  000171ec    00000048     mmwl_if.oer4f (.text:MmwaveLink_frameStop)
                  00017234    00000048     libmmwavelink_xwr18xx.aer4f : rl_device.oer4f (.text:rlDeviceGetVersion)
                  0001727c    00000048                                 : rl_driver.oer4f (.text:rlDriverOsiInit)
                  000172c4    00000048     mmw_mss_per4ft.oer4ft (.text:xdc_runtime_LoggerBuf_Object__create__S)
                  0001730c    00000046     libmailbox_xwr18xx.aer4f : mailbox.oer4f (.text:CSL_FINSR)
                  00017352    00000002     --HOLE-- [fill = 0]
                  00017354    00000044     libadcbuf_xwr18xx.aer4f : adcbuf_mmwave.oer4f (.text:ADCBUF_MMWave_close)
                  00017398    00000044     libcrc_xwr18xx.aer4f : crc.oer4f (.text:CRC_resetSignature)
                  000173dc    00000044     libedma_xwr18xx.aer4f : edma.oer4f (.text:EDMA_linkParamSets)
                  00017420    00000044     libmailbox_xwr18xx.aer4f : mailbox.oer4f (.text:Mailbox_boxFullISRMssDss)
                  00017464    00000044     mmw_cli.oer4f (.text:MmwDemo_CLIGetSubframe)
                  000174a8    00000044     mss_main.oer4f (.text:MmwDemo_EDMA_errorCallbackFxn)
                  000174ec    00000044     mss_main.oer4f (.text:MmwDemo_EDMA_transferControllerErrorCallbackFxn)
                  00017530    00000044     mmwl_if.oer4f (.text:MmwaveLink_mboxWrite)
                  00017574    00000044     libsoc_xwr18xx.aer4f : soc_xwr18xx_mss.oer4f (.text:SOC_resetDMA)
                  000175b8    00000044     rtsv7R4_T_le_v3D16_eabi.lib : hostclose.obj (.text)
                  000175fc    00000044                                 : hostunlink.obj (.text)
                  00017640    00000044     sysbios.aer4ft : BIOS.obj (.text:ti_sysbios_family_arm_v7r_tms570_Core_Module_startup__E)
                  00017684    00000006     libosal_xwr18xx.aer4f : HwiP_tirtos.oer4f (.text:HwiP_restore)
                  0001768a    00000006     libmmwavelink_xwr18xx.aer4f : rl_controller.oer4f (.text:rlGetSubBlockId)
                  00017690    00000044     sysbios.aer4ft : BIOS.obj (.text:ti_sysbios_knl_Task_allBlockedFunction__I)
                  000176d4    00000006     libmmwavelink_xwr18xx.aer4f : rl_controller.oer4f (.text:rlGetSubBlockLen)
                  000176da    00000006     rtsv7R4_T_le_v3D16_eabi.lib : atof.obj (.text)
                  000176e0    00000044     sysbios.aer4ft : BIOS.obj (.text:xdc_runtime_LoggerBuf_Module_startup__E)
                  00017724    00000006                    : a15_TimestampProvider_asm.obj (.text:ti_sysbios_family_arm_a15_TimestampProvider_get32__E)
                  0001772a    00000004     mmw_mss_per4ft.oer4ft (.text:xdc_runtime_System_Module_GateProxy_leave__E)
                  0001772e    00000002     --HOLE-- [fill = 0]
                  00017730    00000044     sysbios.aer4ft : BIOS.obj (.text:xdc_runtime_System_atexit__E)
                  00017774    00000042     libcbuff_xwr18xx.aer4f : cbuff_lvds.oer4f (.text:CBUFF_closeLVDS)
                  000177b6    00000042     mss_main.oer4f (.text:CSL_FEXTR)
                  000177f8    00000042     rfmonitor.oer4f (.text:CSL_FEXTR)
                  0001783a    00000042     cli_rfmonitor.oer4f (.text:CSL_FMKR)
                  0001787c    00000042     mmw_cli.oer4f (.text:CSL_FMKR)
                  000178be    00000042     libedma_xwr18xx.aer4f : edma.oer4f (.text:EDMA_transferController_error_isr)
                  00017900    00000042     mmw_adcconfig.oer4f (.text:Mmw_ADCBufOpen)
                  00017942    00000042     libmmwavelink_xwr18xx.aer4f : rl_controller.oer4f (.text:rlGetSubBlock)
                  00017984    00000040     mmw_rfparser.oer4f (.text:MmwDemo_RFParser_getChirpStartIdx)
                  000179c4    00000040     mmw_rfparser.oer4f (.text:MmwDemo_RFParser_getNumLoops)
                  00017a04    00000040     libmmwavelink_xwr18xx.aer4f : rl_driver.oer4f (.text:rlDriverValidateHdr)
                  00017a44    00000040     rtsv7R4_T_le_v3D16_eabi.lib : strtok.obj (.text)
                  00017a84    0000000c     --HOLE-- [fill = 0]
                  00017a90    00000040     sysbios.aer4ft : BIOS.obj (.text:ti_sysbios_timers_rti_Timer_stop__E)
                  00017ad0    0000003e     libadcbuf_xwr18xx.aer4f : adcbuf_mmwave.oer4f (.text:CSL_FINSR)
                  00017b0e    0000003e     libcbuff_xwr18xx.aer4f : cbuff.oer4f (.text:CSL_FINSR)
                  00017b4c    0000003e                            : cbuff_lvds.oer4f (.text:CSL_FINSR)
                  00017b8a    0000003e     libcrc_xwr18xx.aer4f : crc.oer4f (.text:CSL_FINSR)
                  00017bc8    0000003e     libdma_xwr18xx.aer4f : dma.oer4f (.text:CSL_FINSR)
                  00017c06    0000003e     libgpio_xwr18xx.aer4f : gpio.oer4f (.text:CSL_FINSR)
                  00017c44    0000003e     libpinmux_xwr18xx.aer4f : pinmux.oer4f (.text:CSL_FINSR)
                  00017c82    0000003e     libsoc_xwr18xx.aer4f : soc.oer4f (.text:CSL_FINSR)
                  00017cc0    0000003e                          : soc_xwr18xx_mss.oer4f (.text:CSL_FINSR)
                  00017cfe    0000003e     libuart_xwr18xx.aer4f : uartsci.oer4f (.text:CSL_FINSR)
                  00017d3c    0000003e                           : uartsci.oer4f (.text:UartSci_close)
                  00017d7a    0000003c     libcbuff_xwr18xx.aer4f : cbuff_transfer.oer4f (.text:CBUFF_configCQEDMA)
                  00017db6    00000002     --HOLE-- [fill = 0]
                  00017db8    0000003c     libedma_xwr18xx.aer4f : edma.oer4f (.text:EDMA_chainChannels)
                  00017df4    0000003c     libmailbox_xwr18xx.aer4f : mailbox.oer4f (.text:Mailbox_writeReset)
                  00017e30    0000003c     libsoc_xwr18xx.aer4f : soc.oer4f (.text:SOC_unhaltBSS)
                  00017e6c    0000003c     sysbios.aer4ft : vim_Hwi_asm.obj (.text:ti_sysbios_family_arm_v7r_vim_Hwi_init__I)
                  00017ea8    00000008     --HOLE-- [fill = 0]
                  00017eb0    0000003c                    : BIOS.obj (.text:ti_sysbios_hal_Hwi_checkStack)
                  00017eec    00000004     --HOLE-- [fill = 0]
                  00017ef0    0000003c                    : BIOS.obj (.text:ti_sysbios_heaps_HeapMem_init__I)
                  00017f2c    0000003a     libosal_xwr18xx.aer4f : HwiP_tirtos.oer4f (.text:HwiP_delete)
                  00017f66    0000003a     osi_tirtos.oer4f (.text:Osal_mutexCreate)
                  00017fa0    0000003a     osi_tirtos.oer4f (.text:Osal_semCreate)
                  00017fda    00000038     libcbuff_xwr18xx.aer4f : cbuff_transfer.oer4f (.text:CBUFF_addUserBufferLLEntry)
                  00018012    00000038                            : cbuff_transfer.oer4f (.text:CBUFF_setupHeader)
                  0001804a    00000002     --HOLE-- [fill = 0]
                  0001804c    00000038     libedma_xwr18xx.aer4f : edma_low_level.oer4f (.text:EDMA3ClrMissEvt)
                  00018084    00000038     libuart_xwr18xx.aer4f : UART.oer4f (.text:UART_init)
                  000180bc    00000036     libmmwavelink_xwr18xx.aer4f : rl_controller.oer4f (.text:rlAppendSubBlock)
                  000180f2    00000036     rtsv7R4_T_le_v3D16_eabi.lib : strncpy.obj (.text)
                  00018128    00000034     libadcbuf_xwr18xx.aer4f : ADCBuf.oer4f (.text:ADCBuf_open)
                  0001815c    00000034     cli_rfmonitor.oer4f (.text:CLI_geTxAntIdx)
                  00018190    00000034     cli_rfmonitor.oer4f (.text:CLI_getProfileIdx)
                  000181c4    00000034     libedma_xwr18xx.aer4f : edma.oer4f (.text:EDMA_configTransferControllerError)
                  000181f8    00000034     mmw_cli.oer4f (.text:MmwDemo_CLISensorStop)
                  0001822c    00000034     mmwl_if.oer4f (.text:MmwaveLink_spawn)
                  00018260    00000034     mss_main.oer4f (.text:Mmwavelink_frameInterrupCallBackFunc)
                  00018294    00000034     libsoc_xwr18xx.aer4f : soc_xwr18xx_mss.oer4f (.text:SOC_isSecureDevice)
                  000182c8    00000034     libuart_xwr18xx.aer4f : UART.oer4f (.text:UART_open)
                  000182fc    00000004     --HOLE-- [fill = 0]
                  00018300    00000034     sysbios.aer4ft : BIOS.obj (.text:ti_sysbios_family_arm_a15_TimestampProvider_get64__E)
                  00018334    00000034     mmw_mss_per4ft.oer4ft (.text:ti_sysbios_knl_Semaphore_create)
                  00018368    00000032     libcrc_xwr18xx.aer4f : crc.oer4f (.text:CRC_getCRCDataSelectBitValue)
                  0001839a    00000002     --HOLE-- [fill = 0]
                  0001839c    00000032                          : crc.oer4f (.text:CRC_getCRCTypeBitValue)
                  000183ce    00000032     libedma_xwr18xx.aer4f : edma.oer4f (.text:EDMA_configQueueThreshold)
                  00018400    00000032     sysbios.aer4ft : BIOS.obj (.text:ti_sysbios_hal_Hwi_initStack)
                  00018432    00000002     --HOLE-- [fill = 0]
                  00018434    00000031     mss_main.oer4f (.text:_MmwDemo_debugAssert)
                  00018465    00000003     --HOLE-- [fill = 0]
                  00018468    00000030     libadcbuf_xwr18xx.aer4f : ADCBuf.oer4f (.text:ADCBuf_init)
                  00018498    00000030     libcbuff_xwr18xx.aer4f : cbuff_transfer.oer4f (.text:CBUFF_addCQLLEntry)
                  000184c8    00000030     libsoc_xwr18xx.aer4f : soc.oer4f (.text:SOC_getDevicePartNumber)
                  000184f8    00000030     libmmwavelink_xwr18xx.aer4f : rl_sensor.oer4f (.text:rlSensorStart)
                  00018528    00000030     mmw_mss_per4ft.oer4ft (.text:ti_sysbios_BIOS_startFunc__I)
                  00018558    00000008     --HOLE-- [fill = 0]
                  00018560    00000030     sysbios.aer4ft : BIOS.obj (.text:ti_sysbios_family_arm_TaskSupport_start__E)
                  00018590    00000030     mmw_mss_per4ft.oer4ft (.text:ti_sysbios_gates_GateHwi_Object__create__S)
                  000185c0    00000030     mmw_mss_per4ft.oer4ft (.text:ti_sysbios_gates_GateMutex_Object__create__S)
                  000185f0    00000030     mmw_mss_per4ft.oer4ft (.text:ti_sysbios_heaps_HeapMem_Object__create__S)
                  00018620    00000030     sysbios.aer4ft : BIOS.obj (.text:ti_sysbios_heaps_HeapMem_free__E)
                  00018650    00000030     mmw_mss_per4ft.oer4ft (.text:ti_sysbios_knl_Semaphore_construct)
                  00018680    0000002f     sysbios.aer4ft : BIOS.obj (.text:xdc_runtime_Text_printVisFxn__I)
                  000186af    00000001     --HOLE-- [fill = 0]
                  000186b0    0000002e                    : BIOS.obj (.text:ti_sysbios_knl_Semaphore_pendTimeout__I)
                  000186de    0000002e     mmw_mss_per4ft.oer4ft (.text:ti_sysbios_rts_MemAlloc_alloc)
                  0001870c    0000002d     mmwl_if.oer4f (.text:MmwaveLink_disableDevice)
                  00018739    00000003     --HOLE-- [fill = 0]
                  0001873c    0000002c     mmw_cli.oer4f (.text:CLI_MMWaveRestart)
                  00018768    0000002c     libedma_xwr18xx.aer4f : edma.oer4f (.text:EDMA_validate_channelIdchannelType)
                  00018794    0000002c     libgpio_xwr18xx.aer4f : gpio.oer4f (.text:GPIO_HighPriorityISR)
                  000187c0    0000002c                           : gpio.oer4f (.text:GPIO_LowPriorityISR)
                  000187ec    0000002c     libmmwavelink_xwr18xx.aer4f : rl_device.oer4f (.text:rlDeviceGetMssVersion)
                  00018818    0000002c                                 : rl_sensor.oer4f (.text:rlSensorStop)
                  00018844    0000002c     rtsv7R4_T_le_v3D16_eabi.lib : unlink.obj (.text)
                  00018870    0000002c     mmw_mss_per4ft.oer4ft (.text:ti_sysbios_BIOS_atExitFunc__I)
                  0001889c    0000002c     mmw_mss_per4ft.oer4ft (.text:ti_sysbios_knl_Clock_doTick__I)
                  000188c8    0000002c     mmw_mss_per4ft.oer4ft (.text:ti_sysbios_knl_Queue_construct)
                  000188f4    0000000c     --HOLE-- [fill = 0]
                  00018900    0000002c     sysbios.aer4ft : BIOS.obj (.text:ti_sysbios_timers_rti_Timer_periodicStub__E)
                  0001892c    0000002a     libsoc_xwr18xx.aer4f : soc.oer4f (.text:SOC_SystemISR)
                  00018956    0000002a     libmmwavelink_xwr18xx.aer4f : rl_device.oer4f (.text:rlDeviceGetMmWaveLinkVersion)
                  00018980    0000002a     rtsv7R4_T_le_v3D16_eabi.lib : strspn.obj (.text)
                  000189aa    00000002     --HOLE-- [fill = 0]
                  000189ac    00000028     libcbuff_xwr18xx.aer4f : cbuff.oer4f (.text:CBUFF_ErrorISR)
                  000189d4    00000028                            : cbuff.oer4f (.text:CBUFF_FrameStartISR)
                  000189fc    00000028     cli_rfmonitor.oer4f (.text:CLI_RfDigitalMonCfg)
                  00018a24    00000028     libmailbox_xwr18xx.aer4f : mailbox.oer4f (.text:Mailbox_Config_init)
                  00018a4c    00000028     libuart_xwr18xx.aer4f : uartsci_dma.oer4f (.text:UartSci_RxDMACallbackFxn)
                  00018a74    00000028                           : uartsci_dma.oer4f (.text:UartSci_TxDMACallbackFxn)
                  00018a9c    00000028     libmmwavelink_xwr18xx.aer4f : rl_driver.oer4f (.text:rlDriverConstructInMsg)
                  00018ac4    00000028     rtsv7R4_T_le_v3D16_eabi.lib : lseek.obj (.text)
                  00018aec    00000028                                 : write.obj (.text)
                  00018b14    0000000c     --HOLE-- [fill = 0]
                  00018b20    00000028     sysbios.aer4ft : BIOS.obj (.text:ti_sysbios_knl_Idle_run__E)
                  00018b48    00000008     --HOLE-- [fill = 0]
                  00018b50    00000028                    : BIOS.obj (.text:xdc_runtime_SysStd_abort__E)
                  00018b78    00000008     --HOLE-- [fill = 0]
                  00018b80    00000028                    : BIOS.obj (.text:xdc_runtime_System_aprintf_va__F)
                  00018ba8    00000026     mmwl_if.oer4f (.text:MmwaveLink_ContMode)
                  00018bce    00000026     libmmwavelink_xwr18xx.aer4f : rl_monitoring.oer4f (.text:rlRfAnaMonConfig)
                  00018bf4    00000026                                 : rl_monitoring.oer4f (.text:rlRfDigMonEnableConfig)
                  00018c1a    00000026                                 : rl_monitoring.oer4f (.text:rlRfDigMonPeriodicConfig)
                  00018c40    00000026                                 : rl_monitoring.oer4f (.text:rlRfDualClkCompMonConfig)
                  00018c66    00000026                                 : rl_monitoring.oer4f (.text:rlRfExtAnaSignalsMonConfig)
                  00018c8c    00000026                                 : rl_monitoring.oer4f (.text:rlRfGpadcIntAnaSignalsMonConfig)
                  00018cb2    00000026                                 : rl_sensor.oer4f (.text:rlRfInitCalibConfig)
                  00018cd8    00000026                                 : rl_monitoring.oer4f (.text:rlRfPllContrlVoltMonConfig)
                  00018cfe    00000026                                 : rl_monitoring.oer4f (.text:rlRfPmClkLoIntAnaSignalsMonConfig)
                  00018d24    00000026                                 : rl_sensor.oer4f (.text:rlRfRunTimeCalibConfig)
                  00018d4a    00000026                                 : rl_monitoring.oer4f (.text:rlRfRxGainPhMonConfig)
                  00018d70    00000026                                 : rl_monitoring.oer4f (.text:rlRfRxIfSatMonConfig)
                  00018d96    00000026                                 : rl_monitoring.oer4f (.text:rlRfRxIfStageMonConfig)
                  00018dbc    00000026                                 : rl_monitoring.oer4f (.text:rlRfRxIntAnaSignalsMonConfig)
                  00018de2    00000026                                 : rl_monitoring.oer4f (.text:rlRfRxMixerInPwrConfig)
                  00018e08    00000026                                 : rl_monitoring.oer4f (.text:rlRfRxNoiseMonConfig)
                  00018e2e    00000026                                 : rl_monitoring.oer4f (.text:rlRfRxSigImgMonConfig)
                  00018e54    00000026                                 : rl_sensor.oer4f (.text:rlRfSetCalMonFreqLimitConfig)
                  00018e7a    00000026                                 : rl_sensor.oer4f (.text:rlRfSetDeviceCfg)
                  00018ea0    00000026                                 : rl_sensor.oer4f (.text:rlRfSetIFLoopbackConfig)
                  00018ec6    00000026                                 : rl_sensor.oer4f (.text:rlRfSetLdoBypassConfig)
                  00018eec    00000026                                 : rl_sensor.oer4f (.text:rlRfSetMiscConfig)
                  00018f12    00000026                                 : rl_sensor.oer4f (.text:rlRfSetPALoopbackConfig)
                  00018f38    00000026                                 : rl_sensor.oer4f (.text:rlRfSetPSLoopbackConfig)
                  00018f5e    00000026                                 : rl_monitoring.oer4f (.text:rlRfSynthFreqMonConfig)
                  00018f84    00000026                                 : rl_monitoring.oer4f (.text:rlRfTempMonConfig)
                  00018faa    00000026                                 : rl_monitoring.oer4f (.text:rlRfTxGainPhaseMismatchMonConfig)
                  00018fd0    00000026                                 : rl_sensor.oer4f (.text:rlSetAdcOutConfig)
                  00018ff6    00000026                                 : rl_sensor.oer4f (.text:rlSetChannelConfig)
                  0001901c    00000026                                 : rl_sensor.oer4f (.text:rlSetContModeConfig)
                  00019042    00000026                                 : rl_sensor.oer4f (.text:rlSetLoopBckBurstCfg)
                  00019068    00000026                                 : rl_sensor.oer4f (.text:rlSetTestSourceConfig)
                  0001908e    00000026                                 : rl_sensor.oer4f (.text:rlTestSourceEnable)
                  000190b4    00000026     rtsv7R4_T_le_v3D16_eabi.lib : memcmp.obj (.text)
                  000190da    00000006     --HOLE-- [fill = 0]
                  000190e0    00000026     sysbios.aer4ft : BIOS.obj (.text:xdc_runtime_System_printf_va__F)
                  00019106    00000024     libcrc_xwr18xx.aer4f : crc.oer4f (.text:CRC_isTransactionIdValid)
                  0001912a    00000002     --HOLE-- [fill = 0]
                  0001912c    00000024     libedma_xwr18xx.aer4f : edma_low_level.oer4f (.text:EDMA3ClrEvt)
                  00019150    00000024                           : edma_low_level.oer4f (.text:EDMA3ClrIntr)
                  00019174    00000024                           : edma_low_level.oer4f (.text:EDMA3DisableDmaEvt)
                  00019198    00000024                           : edma_low_level.oer4f (.text:EDMA3DisableEvtIntr)
                  000191bc    00000024                           : edma_low_level.oer4f (.text:EDMA3EnableDmaEvt)
                  000191e0    00000024                           : edma_low_level.oer4f (.text:EDMA3EnableEvtIntr)
                  00019204    00000024                           : edma.oer4f (.text:EDMA_clearTransferControllerErrors)
                  00019228    00000024     libgpio_xwr18xx.aer4f : gpio.oer4f (.text:GPIO_processInterrupt)
                  0001924c    00000024     libhsiheader_xwr18xx.aer4f : hsiheader.oer4f (.text:HSIHeader_processUserBuffer)
                  00019270    00000024     mss_main.oer4f (.text:MmwDemo_gpioStateCtrl)
                  00019294    00000024     libmmwavelink_xwr18xx.aer4f : rl_device.oer4f (.text:rlDeviceSetHsiClk)
                  000192b8    00000024                                 : rl_sensor.oer4f (.text:rlEnableContMode)
                  000192dc    00000024                                 : rl_sensor.oer4f (.text:rlRfSetCalMonTimeUnitConfig)
                  00019300    00000024                                 : rl_sensor.oer4f (.text:rlSetLowPowerModeConfig)
                  00019324    00000024     mmw_mss_per4ft.oer4ft (.text:ti_sysbios_BIOS_registerRTSLock__I)
                  00019348    00000024     mmw_mss_per4ft.oer4ft (.text:ti_sysbios_BIOS_removeRTSLock__I)
                  0001936c    00000024     mmw_mss_per4ft.oer4ft (.text:ti_sysbios_gates_GateMutex_Object__delete__S)
                  00019390    00000024     sysbios.aer4ft : BIOS.obj (.text:ti_sysbios_knl_Clock_Module_startup__E)
                  000193b4    00000024     mmw_mss_per4ft.oer4ft (.text:ti_sysbios_knl_Semaphore_Object__delete__S)
                  000193d8    00000022     libcbuff_xwr18xx.aer4f : cbuff_transfer.oer4f (.text:CBUFF_initLinkedList)
                  000193fa    00000022     mmwl_if.oer4f (.text:MmwaveLink_mboxRead)
                  0001941c    00000022     libuart_xwr18xx.aer4f : uartsci.oer4f (.text:UartSci_disableRxDMA)
                  0001943e    00000022                           : uartsci.oer4f (.text:UartSci_enableRxDMA)
                  00019460    00000022     rtsv7R4_T_le_v3D16_eabi.lib : strcspn.obj (.text)
                  00019482    00000002     --HOLE-- [fill = 0]
                  00019484    00000020     libedma_xwr18xx.aer4f : edma_low_level.oer4f (.text:EDMA3QdmaClrMissEvt)
                  000194a4    00000020     libesm_xwr18xx.aer4f : esm.oer4f (.text:ESM_lowpriority_IRQ)
                  000194c4    00000020     libhsiheader_xwr18xx.aer4f : hsiheader.oer4f (.text:HSIHeader_processCQ)
                  000194e4    00000020     libpinmux_xwr18xx.aer4f : pinmux.oer4f (.text:Pinmux_Unlock)
                  00019504    00000020     libmmwavelink_xwr18xx.aer4f : rl_sensor.oer4f (.text:rlRfInit)
                  00019524    0000000c     --HOLE-- [fill = 0]
                  00019530    00000020     sysbios.aer4ft : BIOS.obj (.text:ti_sysbios_family_arm_a15_TimestampProvider_autoRefreshFxn__I)
                  00019550    00000020                    : BIOS.obj (.text:ti_sysbios_family_arm_v7a_Pmu_Module_startup__E)
                  00019570    00000020     mmw_mss_per4ft.oer4ft (.text:ti_sysbios_family_arm_v7r_vim_Hwi_Object__delete__S)
                  00019590    00000020     sysbios.aer4ft : BIOS.obj (.text:ti_sysbios_family_arm_v7r_vim_Hwi_disableInterrupt__E)
                  000195b0    00000020                    : BIOS.obj (.text:ti_sysbios_family_arm_v7r_vim_Hwi_enableInterrupt__E)
                  000195d0    00000020     mmw_mss_per4ft.oer4ft (.text:ti_sysbios_gates_GateHwi_Object__delete__S)
                  000195f0    00000020     mmw_mss_per4ft.oer4ft (.text:ti_sysbios_heaps_HeapMem_Object__delete__S)
                  00019610    00000020     mmw_mss_per4ft.oer4ft (.text:ti_sysbios_knl_Semaphore_destruct)
                  00019630    00000020     mmw_mss_per4ft.oer4ft (.text:xdc_runtime_LoggerBuf_Object__delete__S)
                  00019650    0000001e     libsoc_xwr18xx.aer4f : soc_xwr18xx_mss.oer4f (.text:SOC_getOutAddr_LUTType)
                  0001966e    0000001e     mmw_mss_per4ft.oer4ft (.text:ti_sysbios_BIOS_errorRaiseHook__I)
                  0001968c    0000001c     cli_rfmonitor.oer4f (.text:CLI_GetMonStats)
                  000196a8    0000001c     libcrc_xwr18xx.aer4f : crc.oer4f (.text:CRC_releaseTransactionId)
                  000196c4    0000001c     libadcbuf_xwr18xx.aer4f : adcbuf_mmwave.oer4f (.text:CSL_FEXTR)
                  000196e0    0000001c     libcbuff_xwr18xx.aer4f : cbuff.oer4f (.text:CSL_FEXTR)
                  000196fc    0000001c                            : cbuff_lvds.oer4f (.text:CSL_FEXTR)
                  00019718    0000001c     libdma_xwr18xx.aer4f : dma.oer4f (.text:CSL_FEXTR)
                  00019734    0000001c     libhsiheader_xwr18xx.aer4f : hsiheader.oer4f (.text:CSL_FEXTR)
                  00019750    0000001c     libsoc_xwr18xx.aer4f : soc.oer4f (.text:CSL_FEXTR)
                  0001976c    0000001c                          : soc_xwr18xx_mss.oer4f (.text:CSL_FEXTR)
                  00019788    0000001c     libuart_xwr18xx.aer4f : uartsci.oer4f (.text:CSL_FEXTR)
                  000197a4    0000001c     mmw_cli.oer4f (.text:MmwDemo_getProfileRxGain)
                  000197c0    0000001c     mmwl_if.oer4f (.text:MmwaveLink_registerInterruptHandler)
                  000197dc    0000001c     libsoc_xwr18xx.aer4f : soc_xwr18xx_mss.oer4f (.text:SOC_getInAddr_LUTType)
                  000197f8    0000001c     sysbios.aer4ft : arm_TaskSupport_asm.obj (.text:_ti_sysbios_family_arm_TaskSupport_glue)
                  00019814    0000001c                    : arm_TaskSupport_asm.obj (.text:_ti_sysbios_family_arm_TaskSupport_swap__E)
                  00019830    0000001c     rtsv7R4_T_le_v3D16_eabi.lib : memccpy.obj (.text)
                  0001984c    0000001c     mmw_mss_per4ft.oer4ft (.text:ti_sysbios_BIOS_rtsLock__I)
                  00019868    00000008     --HOLE-- [fill = 0]
                  00019870    0000001c     sysbios.aer4ft : BIOS.obj (.text:ti_sysbios_family_arm_v7r_vim_Hwi_clearInterrupt__E)
                  0001988c    00000004     --HOLE-- [fill = 0]
                  00019890    0000001c                    : BIOS.obj (.text:ti_sysbios_gates_GateMutex_Instance_init__E)
                  000198ac    00000004     --HOLE-- [fill = 0]
                  000198b0    0000001c                    : BIOS.obj (.text:ti_sysbios_gates_GateMutex_leave__E)
                  000198cc    0000001c     mmw_mss_per4ft.oer4ft (.text:ti_sysbios_knl_Queue_destruct)
                  000198e8    00000008     --HOLE-- [fill = 0]
                  000198f0    0000001c     sysbios.aer4ft : BIOS.obj (.text:ti_sysbios_knl_Task_restoreHwi__E)
                  0001990c    00000004     --HOLE-- [fill = 0]
                  00019910    0000001c                    : BIOS.obj (.text:xdc_runtime_LoggerBuf_Instance_finalize__E)
                  0001992c    0000001a     libcbuff_xwr18xx.aer4f : cbuff_lvds.oer4f (.text:CBUFF_finalizeLVDSLinkListParams)
                  00019946    0000001a     libedma_xwr18xx.aer4f : edma_low_level.oer4f (.text:EDMA3SetPaRAM)
                  00019960    0000001a     mmw_mss_per4ft.oer4ft (.text:free)
                  0001997a    0000001a     libedma_xwr18xx.aer4f : edma.oer4f (.text:isAcntInList1)
                  00019994    0000001a     libmmwavelink_xwr18xx.aer4f : rl_sensor.oer4f (.text:rlGetRfDieId)
                  000199ae    0000001a     rtsv7R4_T_le_v3D16_eabi.lib : s_copysign.obj (.text)
                  000199c8    0000001a     sysbios.aer4ft : a15_TimestampProvider_asm.obj (.text:ti_sysbios_family_arm_a15_TimestampProvider_initCCNT__I)
                  000199e2    0000001a     mmw_mss_per4ft.oer4ft (.text:xdc_runtime_System_aprintf__E)
                  000199fc    0000001a     mmw_mss_per4ft.oer4ft (.text:xdc_runtime_System_printf__E)
                  00019a16    00000018     libadcbuf_xwr18xx.aer4f : adcbuf_mmwave.oer4f (.text:ADCBUFContinuousModeCtrl)
                  00019a2e    00000002     --HOLE-- [fill = 0]
                  00019a30    00000018     mmw_cli.oer4f (.text:CLI_MMWaveFlushCfg)
                  00019a48    00000018     libcbuff_xwr18xx.aer4f : cbuff_transfer.oer4f (.text:CSL_FINSR)
                  00019a60    00000018     libedma_xwr18xx.aer4f : edma_low_level.oer4f (.text:EDMA3DisableQdmaEvt)
                  00019a78    00000018                           : edma_low_level.oer4f (.text:EDMA3EnableQdmaEvt)
                  00019a90    00000018     libmailbox_xwr18xx.aer4f : mailbox.oer4f (.text:Mailbox_boxEmptyISRBss)
                  00019aa8    00000018                              : mailbox.oer4f (.text:Mailbox_boxEmptyISRMssDss)
                  00019ac0    00000018                              : mailbox.oer4f (.text:Mailbox_boxFullISRBss)
                  00019ad8    00000018     mmw_cli.oer4f (.text:MmwaveLink_devCfg)
                  00019af0    00000018     mmwl_if.oer4f (.text:MmwaveLink_mboxCallbackFxn)
                  00019b08    00000018     libmmwavelink_xwr18xx.aer4f : rl_device.oer4f (.text:rlDeviceGetRfVersion)
                  00019b20    00000018                                 : rl_driver.oer4f (.text:rlDriverCalCRC)
                  00019b38    00000018                                 : rl_driver.oer4f (.text:rlDriverFillPayload)
                  00019b50    00000018     rtsv7R4_T_le_v3D16_eabi.lib : args_main.obj (.text)
                  00019b68    00000018                                 : strcmp.obj (.text)
                  00019b80    00000018     mmw_mss_per4ft.oer4ft (.text:ti_sysbios_BIOS_rtsUnlock__I)
                  00019b98    00000018     sysbios.aer4ft : BIOS.obj (.text:ti_sysbios_family_arm_v7a_Pmu_initCounters__I)
                  00019bb0    00000018     mmw_mss_per4ft.oer4ft (.text:ti_sysbios_family_arm_v7r_vim_Hwi_Module__startupDone__F)
                  00019bc8    00000018     mmw_mss_per4ft.oer4ft (.text:ti_sysbios_family_arm_v7r_vim_Hwi_Params__init__S)
                  00019be0    00000018     mmw_mss_per4ft.oer4ft (.text:ti_sysbios_gates_GateHwi_Handle__label__S)
                  00019bf8    00000018     mmw_mss_per4ft.oer4ft (.text:ti_sysbios_gates_GateMutex_Handle__label__S)
                  00019c10    00000018     mmw_mss_per4ft.oer4ft (.text:ti_sysbios_heaps_HeapMem_Handle__label__S)
                  00019c28    00000018     mmw_mss_per4ft.oer4ft (.text:ti_sysbios_knl_Semaphore_Params__init__S)
                  00019c40    00000018     mmw_mss_per4ft.oer4ft (.text:ti_sysbios_knl_Task_Params__init__S)
                  00019c58    00000008     --HOLE-- [fill = 0]
                  00019c60    00000018     sysbios.aer4ft : BIOS.obj (.text:ti_sysbios_knl_Task_enter__I)
                  00019c78    00000018     mmw_mss_per4ft.oer4ft (.text:ti_sysbios_timers_rti_Timer_Module__startupDone__F)
                  00019c90    00000018     sysbios.aer4ft : BIOS.obj (.text:xdc_runtime_Error_init__E)
                  00019ca8    00000018     mmw_mss_per4ft.oer4ft (.text:xdc_runtime_LoggerBuf_Handle__label__S)
                  00019cc0    00000016     libcbuff_xwr18xx.aer4f : cbuff_transfer.oer4f (.text:CBUFF_shutdownTransfer)
                  00019cd6    00000016     rtsv7R4_T_le_v3D16_eabi.lib : strchr.obj (.text)
                  00019cec    00000016                                 : strlen.obj (.text)
                  00019d02    00000016     mmw_mss_per4ft.oer4ft (.text:ti_sysbios_BIOS_exitFunc__I)
                  00019d18    00000008     --HOLE-- [fill = 0]
                  00019d20    00000016     sysbios.aer4ft : BIOS.obj (.text:ti_sysbios_knl_Idle_loop__E)
                  00019d36    00000016     mmw_lvds_stream.oer4f (.text:ti_sysbios_knl_Semaphore_Params_init)
                  00019d4c    00000016     mmwl_if.oer4f (.text:ti_sysbios_knl_Semaphore_Params_init)
                  00019d62    00000016     mss_main.oer4f (.text:ti_sysbios_knl_Semaphore_Params_init)
                  00019d78    00000016     osi_tirtos.oer4f (.text:ti_sysbios_knl_Semaphore_Params_init)
                  00019d8e    00000016     mmw_cli.oer4f (.text:ti_sysbios_knl_Task_Params_init)
                  00019da4    00000016     mmwl_if.oer4f (.text:ti_sysbios_knl_Task_Params_init)
                  00019dba    00000016     mss_main.oer4f (.text:ti_sysbios_knl_Task_Params_init)
                  00019dd0    00000016     sysbios.aer4ft : BIOS.obj (.text:ti_sysbios_knl_Task_sleepTimeout__I)
                  00019de6    00000014     libosal_xwr18xx.aer4f : CycleprofilerP_tirtos.oer4f (.text:CycleprofilerP_init)
                  00019dfa    00000002     --HOLE-- [fill = 0]
                  00019dfc    00000014     libedma_xwr18xx.aer4f : edma_low_level.oer4f (.text:EDMA3GetIntrStatus)
                  00019e10    00000014                           : edma_low_level.oer4f (.text:EDMA3IntrStatusHighGet)
                  00019e24    00000014                           : edma_low_level.oer4f (.text:EDMA3MapQdmaChToPaRAM)
                  00019e38    00000014     libosal_xwr18xx.aer4f : HwiP_tirtos.oer4f (.text:HwiP_Params_init)
                  00019e4c    00000014     mmwl_if.oer4f (.text:MmwaveLink_setLogFunc)
                  00019e60    00000014     osi_tirtos.oer4f (.text:Osal_mutexLock)
                  00019e74    00000014     osi_tirtos.oer4f (.text:Osal_semWait)
                  00019e88    00000014     libpinmux_xwr18xx.aer4f : pinmux.oer4f (.text:Pinmux_Lock)
                  00019e9c    00000014     libuart_xwr18xx.aer4f : uartsci.oer4f (.text:UartSci_disableTxDMA)
                  00019eb0    00000014                           : uartsci.oer4f (.text:UartSci_enableTxDMA)
                  00019ec4    00000014     libosal_xwr18xx.aer4f : DebugP_tirtos.oer4f (.text:_DebugP_assert)
                  00019ed8    00000014     libmmwavelink_xwr18xx.aer4f : rl_controller.oer4f (.text:rlAppendDummy)
[...]
0001b608  ti_sysbios_utils_Load_windowInMs__C                                  
0001b60c  xdc_runtime_Assert_E_assertFailed__C                                 
0001b610  xdc_runtime_Core_A_initializedParams__C                              
0001b614  xdc_runtime_Core_Module__diagsEnabled__C                             
0001b618  xdc_runtime_Core_Module__diagsIncluded__C                            
0001b61c  xdc_runtime_Core_Module__diagsMask__C                                
0001b620  xdc_runtime_Error_E_memory__C                                        
0001b624  xdc_runtime_Error_Module__diagsEnabled__C                            
0001b628  xdc_runtime_Error_Module__diagsIncluded__C                           
0001b62c  xdc_runtime_Error_Module__diagsMask__C                               
0001b630  xdc_runtime_Error_Module__loggerFxn8__C                              
0001b634  xdc_runtime_Error_Module__loggerObj__C                               
0001b638  xdc_runtime_Error_policyFxn__C                                       
0001b63c  xdc_runtime_Error_policy__C                                          
0001b640  xdc_runtime_Error_raiseHook__C                                       
0001b644  xdc_runtime_IFilterLogger_Interface__BASE__C                         
0001b648  xdc_runtime_IGateProvider_Interface__BASE__C                         
0001b64c  xdc_runtime_IHeap_Interface__BASE__C                                 
0001b650  xdc_runtime_ILogger_Interface__BASE__C                               
0001b654  xdc_runtime_IModule_Interface__BASE__C                               
0001b658  xdc_runtime_Log_L_error__C                                           
0001b65c  xdc_runtime_LoggerBuf_E_badLevel__C                                  
0001b660  xdc_runtime_LoggerBuf_Module__gateObj__C                             
0001b664  xdc_runtime_LoggerBuf_Object__count__C                               
0001b668  xdc_runtime_LoggerBuf_statusLogger__C                                
0001b66c  xdc_runtime_Main_Module__diagsEnabled__C                             
0001b670  xdc_runtime_Main_Module__diagsIncluded__C                            
0001b674  xdc_runtime_Main_Module__diagsMask__C                                
0001b678  xdc_runtime_Main_Module__loggerFxn1__C                               
0001b67c  xdc_runtime_Main_Module__loggerFxn2__C                               
0001b680  xdc_runtime_Main_Module__loggerFxn4__C                               
0001b684  xdc_runtime_Main_Module__loggerObj__C                                
0001b688  xdc_runtime_Memory_defaultHeapInstance__C                            
0001b68c  xdc_runtime_Startup_execImpl__C                                      
0001b690  xdc_runtime_Startup_maxPasses__C                                     
0001b694  xdc_runtime_Startup_sfxnRts__C                                       
0001b698  xdc_runtime_Startup_sfxnTab__C                                       
0001b69c  xdc_runtime_System_Module__gateObj__C                                
0001b6a0  xdc_runtime_System_abortFxn__C                                       
0001b6a4  xdc_runtime_System_exitFxn__C                                        
0001b6a8  xdc_runtime_System_extendFxn__C                                      
0001b6ac  xdc_runtime_System_maxAtexitHandlers__C                              
0001b6b0  xdc_runtime_Text_charTab__C                                          
0001b6b4  xdc_runtime_Text_nameEmpty__C                                        
0001b6b8  xdc_runtime_Text_nameStatic__C                                       
0001b6bc  xdc_runtime_Text_nameUnknown__C                                      
0001b6c0  xdc_runtime_Text_visitRopeFxn__C                                     
0001b6c4  ti_sysbios_family_arm_exc_Exception_Module__id__C                    
0001b6c6  ti_sysbios_family_arm_v7a_Pmu_Module__id__C                          
0001b6c8  ti_sysbios_family_arm_v7r_tms570_Core_Module__id__C                  
0001b6ca  ti_sysbios_family_arm_v7r_vim_Hwi_Module__id__C                      
0001b6cc  ti_sysbios_family_arm_v7r_vim_Hwi_Module__loggerDefined__C           
0001b6ce  ti_sysbios_gates_GateMutex_Module__id__C                             
0001b6d0  ti_sysbios_hal_Hwi_Module__id__C                                     
0001b6d2  ti_sysbios_heaps_HeapMem_Module__id__C                               
0001b6d4  ti_sysbios_knl_Clock_Module__id__C                                   
0001b6d6  ti_sysbios_knl_Clock_Module__loggerDefined__C                        
0001b6d8  ti_sysbios_knl_Semaphore_Module__id__C                               
0001b6da  ti_sysbios_knl_Semaphore_Module__loggerDefined__C                    
0001b6dc  ti_sysbios_knl_Task_Module__id__C                                    
0001b6de  ti_sysbios_knl_Task_Module__loggerDefined__C                         
0001b6e0  ti_sysbios_timers_rti_Timer_Module__id__C                            
0001b6e2  ti_sysbios_timers_rti_Timer_continueOnSuspend__C                     
0001b6e4  ti_sysbios_utils_Load_Module__id__C                                  
0001b6e6  ti_sysbios_utils_Load_Module__loggerDefined__C                       
0001b6e8  ti_sysbios_utils_Load_autoAddTasks__C                                
0001b6ea  ti_sysbios_utils_Load_updateInIdle__C                                
0001b6ec  xdc_runtime_Core_Module__id__C                                       
0001b6ee  xdc_runtime_Error_Module__loggerDefined__C                           
0001b6f0  xdc_runtime_Error_maxDepth__C                                        
0001b6f2  xdc_runtime_LoggerBuf_Module__id__C                                  
0001b6f4  xdc_runtime_LoggerBuf_filterByLevel__C                               
0001b6f6  xdc_runtime_Main_Module__id__C                                       
0001b6f8  xdc_runtime_Main_Module__loggerDefined__C                            
0001b6fa  xdc_runtime_Memory_Module__id__C                                     
0001b6fc  xdc_runtime_Text_charCnt__C                                          
0001b6fe  xdc_runtime_Text_isLoaded__C                                         
0001b700  xdc_runtime_Text_registryModsLastId__C                               
0001b702  xdc_runtime_Text_unnamedModsLastId__C                                
0001bbec  __TI_Handler_Table_Base                                              
0001bbf8  __TI_Handler_Table_Limit                                             
0001bc10  __TI_CINIT_Base                                                      
0001bc30  __TI_CINIT_Limit                                                     
08000000  ti_sysbios_heaps_HeapMem_Instance_State_0_buf__A                     
08028000  xdc_runtime_LoggerBuf_Instance_State_0_entryArr__A                   
08029900  ti_sysbios_family_arm_exc_Exception_Module_State_0_excStack_0__A     
0802a900  gCLICmdCfg                                                           
0802afe8  gMmwMssMCB                                                           
0802b560  ti_sysbios_knl_Task_Instance_State_0_stack__A                        
0802b880  gCliMcb                                                              
0802bb78  gRFMonReport                                                         
0802be5c  gGPIOMCB                                                             
0802bff0  __CIOBUF_                                                            
0802c110  rcvCmd                                                               
0802c210  __TI_tmpnams                                                         
0802c2b0  gHSIHeaderMCB                                                        
0802c340  gRFMonitorCfg                                                        
0802c3b8  gEsmMCB                                                              
0802c428  gRFMonFailureReport                                                  
0802c494  gMmwaveLinkMCB                                                       
0802c4ac  gMonReportStreamSem                                                  
0802c4b0  mmwl_stats                                                           
0802c4c8  gCLI_mmwave_freq_scale_factor                                        
0802c4d0  parmbuf                                                              
0802c4d8  g_MailboxInterruptFunc                                               
0802c4dc  gmonReportData                                                       
0802c4e0  ti_sysbios_knl_Task_Instance_State_0_hookEnv__A                      
0802c4e8  gEDMA_4K_errata_check                                                
0802c4ec  edmaDbg                                                              
0802cbf4  rl_txMsg                                                             
0802ccf4  rl_rxMsg                                                             
0802cfdc  ti_sysbios_family_arm_v7r_vim_Hwi_Module_State_0_dispatchTable__A    
0802d1dc  _ftable                                                              
0802d2cc  gCLIRFMonitorExtensionTable                                          
0802d3a4  ti_sysbios_utils_Load_Module__state__V                               
0802d43c  partInfoStringArray                                                  
0802d4bc  ti_sysbios_knl_Task_Module_State_0_readyQ__A                         
0802d53c  _device                                                              
0802d5b4  gCBUFFHwAttribute                                                    
0802d62c  ti_sysbios_knl_Task_Object__table__V                                 
0802d688  gUartSciHwCfg                                                        
0802d6e0  _stream                                                              
0802d730  gMailboxMCB                                                          
0802d780  rcvGpAdcData                                                         
0802d7c8  ti_sysbios_knl_Task_Module__state__V                                 
0802d810  gRxGainPhaseMonCfg                                                   
0802d854  SOC_TranslateAddr_LUT                                                
0802d894  ti_sysbios_gates_GateMutex_Object__table__V                          
0802d8d4  ti_sysbios_timers_rti_Timer_Object__table__V                         
0802d910  gCBUFFInterfaceFxn                                                   
0802d948  ti_sysbios_family_arm_v7r_vim_Hwi_Module__state__V                   
0802d97c  gTxPowMonCfg                                                         
0802d9ac  ti_sysbios_family_arm_v7r_vim_Hwi_Object__table__V                   
0802d9d8  ti_sysbios_knl_Clock_Module__state__V                                
0802da04  gUartSciFxnTable                                                     
0802da2c  UART_config                                                          
0802da50  gTxBallbreakMonCfg                                                   
0802da74  gMonitorHdrCnt                                                       
0802da78  gInitTimeCalibStatus                                                 
0802da7c  gRunTimeCalibStatus                                                  
0802da80  gFrameStartStatus                                                    
0802da84  gMmwlChecksumFailAsyncEvent                                          
0802da88  gMmwlCrcFailAsyncEvent                                               
0802da8c  gMonitoringStatus                                                    
0802da8e  isGetGpAdcMeasData                                                   
0802da8f  eDMADataTransferDone                                                 
0802da90  hit_count                                                            
0802da94  g_PrintFunc                                                          
0802da98  ti_sysbios_BIOS_Module__state__V                                     
0802dabc  xdc_runtime_LoggerBuf_Object__table__V                               
0802dae0  gExtAnaSigMonCfg                                                     
0802db00  gSOCHwAttrib                                                         
0802db20  ti_sysbios_knl_Clock_Object__table__V                                
0802db40  xdc_runtime_Error_IgnoreBlock                                        
0802db60  xdc_runtime_System_Module_State_0_atexitHandlers__A                  
0802db80  ti_sysbios_utils_Load_Module_State_0_taskEnv__A                      
0802db9c  ADCBuf_config                                                        
0802dbb4  gInterleavedTransferFxn                                              
0802dbcc  gMailboxMssBssHwCfg                                                  
0802dbe4  gMailboxMssDssHwCfg                                                  
0802dbfc  gMultipleChirpNonInterleavedTransferFxn                              
0802dc14  gNonInterleavedTransferFxn                                           
0802dc2c  gTxIntAnaSigMonCfg                                                   
0802dc44  ti_sysbios_heaps_HeapMem_Object__table__V                            
0802dc5c  ti_sysbios_timers_rti_Timer_Module_State_0_device__A                 
0802dc74  gRxIfSatMonCfg                                                       
0802dc88  gTempMonCfg                                                          
0802dc9c  ti_sysbios_family_arm_exc_Exception_Module__state__V                 
0802dcb0  gRxIfStageMonCfg                                                     
0802dcc0  __TI_ft_end                                                          
0802dcc4  __aeabi_stdin                                                        
0802dcc8  __aeabi_stdout                                                       
0802dccc  __aeabi_stderr                                                       
0802dcd0  ti_sysbios_timers_rti_Timer_Module_State_0_intFreqs__A               
0802dce0  ti_sysbios_timers_rti_Timer_Module__state__V                         
0802dcf0  __TI_cleanup_ptr                                                     
0802dcf4  __TI_dtors_ptr                                                       
0802dcf8  __TI_enable_exit_profile_output                                      
0802dcfc  gDigMonitorEn                                                        
0802dd08  gDigMonitorPeriod                                                    
0802dd14  gESMHwCfgAttrs                                                       
0802dd20  gRxMixInpwrMonCfg                                                    
0802dd2c  gRxNoiseMonCfg                                                       
0802dd38  gSigImgMonCfg                                                        
0802dd44  gSynthFreqMonCfg                                                     
0802dd50  ti_sysbios_family_arm_v7a_Pmu_Module__state__V                       
0802dd5c  ti_sysbios_knl_Task_Module__root__V                                  
0802dd68  gLinkChirpCnt                                                        
0802dd6c  gLinkFrameCnt                                                        
0802dd70  isRfInitCmd                                                          
0802dd71  gIsMonitorSend                                                       
0802dd72  ti_sysbios_family_arm_exc_Exception_Module_State_0_excActive__A      
0802dd74  _lock                                                                
0802dd78  _unlock                                                              
0802dd7c  MmwDemo_RFParserHwCfg                                                
0802dd84  gDualClkCompMonCfg                                                   
0802dd8c  gGPIOHwAtrrib                                                        
0802dd94  gGpadcIntAnaSigMonCfg                                                
0802dd9c  gPllConVoltMonCfg                                                    
0802dda4  gPmClkLoIntAnaSigMonCfg                                              
0802ddac  gRfAnaMonitorEn                                                      
0802ddb4  gRxIntAnaSigMonCfg                                                   
0802ddbc  ti_sysbios_family_arm_v7r_vim_Hwi_Module__root__V                    
0802ddc4  ti_sysbios_gates_GateHwi_Module__root__V                             
0802ddcc  ti_sysbios_gates_GateMutex_Module__root__V                           
0802ddd4  ti_sysbios_hal_Hwi_Object__table__V                                  
0802dddc  ti_sysbios_heaps_HeapMem_Module__root__V                             
0802dde4  ti_sysbios_knl_Queue_Module__root__V                                 
0802ddec  ti_sysbios_knl_Semaphore_Module__root__V                             
0802ddf4  ti_sysbios_timers_rti_Timer_Module_State_0_handles__A                
0802ddfc  xdc_runtime_LoggerBuf_Module__root__V                                
0802de04  xdc_runtime_Registry_Module__state__V                                
0802de0c  xdc_runtime_Startup_Module__state__V                                 
0802de14  xdc_runtime_System_Module__state__V                                  
0802de1c  gLastFtti                                                            
0802de20  temp_mon_report_enb                                                  
0802de21  tx0pow_mon_report_enb                                                
0802de22  xdc_runtime_LoggerBuf_Module__state__V                               
0802de28  gRFLdoBypassCfg                                                      
0802de30  gCRCRegister                                                         
0802de34  regionId                                                             
0802de38  gPinmuxRegs                                                          
0802de40  errno                                                                
0802de4c  main_func_sp                                                         
0802de54  ti_sysbios_family_arm_a15_TimestampProvider_Module__state__V         
0802de58  ti_sysbios_family_arm_exc_Exception_Module_State_0_excContext__A     
0802de5c  ti_sysbios_family_arm_exc_Exception_Module_State_0_excStackBuffers__A
0802de60  ti_sysbios_family_arm_exc_Exception_Module_State_0_excStack__A       
0802de64  ti_sysbios_gates_GateHwi_Object__table__V                            
0802de68  ti_sysbios_heaps_HeapBuf_Module__state__V                            
0802de6c  ti_sysbios_knl_Task_Module_State_0_idleTask__A                       
0802de70  ti_sysbios_utils_Load_Module_State_0_runningTask__A                  
0802de74  ti_sysbios_utils_Load_Module_State_0_taskStartTime__A                
0802de78  xdc_runtime_Memory_Module__state__V                                  
0802de7c  xdc_runtime_Error_Module__state__V                                   
0802de7e  xdc_runtime_Main_Module__root__V                                     
0802de80  sensorStartCmdCnt                                                    
0802de88  ti_sysbios_family_arm_v7r_vim_Hwi_Module_State_0_fiqStack__A         
0802e688  __stack                                                              
0802ee88  __STACK_END                                                          
fffffdec  ti_sysbios_family_arm_v7r_vim_Hwi_vim                                
ffffffff  __TI_pprof_out_hndl                                                  
ffffffff  __TI_prof_data_size                                                  
ffffffff  __TI_prof_data_start                                                 
ffffffff  __binit__                                                            
ffffffff  __c_args__                                                           
ffffffff  binit                                                                
UNDEFED   SHT$$INIT_ARRAY$$Base                                                
UNDEFED   SHT$$INIT_ARRAY$$Limit                                               

[1090 symbols]
